[17-11-2022 08:41:07 PM] [DEBUG] [csp_ui_workflow_simulation_Token.py] [update_access_token] [pid=51977] [146]: fetching access_token for CSP API calls
[17-11-2022 08:41:09 PM] [INFO] [csp_ui_workflow_simulation_Token.py] [<module>] [pid=51977] [627]: Script start time: 2022-11-17 20:41:09.065232+00:00
[17-11-2022 08:41:09 PM] [DEBUG] [csp_ui_workflow_simulation_Token.py] [process_user_information] [pid=51982] [616]: processing failed for user=mtarun1@harakirimail.com
[17-11-2022 08:41:09 PM] [ERROR] [csp_ui_workflow_simulation_Token.py] [<module>] [pid=51977] [644]: 
concurrent.futures.process._RemoteTraceback: 
"""
Traceback (most recent call last):
  File "/Library/Developer/CommandLineTools/Library/Frameworks/Python3.framework/Versions/3.8/lib/python3.8/concurrent/futures/process.py", line 239, in _process_worker
    r = call_item.fn(*call_item.args, **call_item.kwargs)
  File "/Users/mtarun/OneDrive_company_Inc/company/code/mangle-yaan-service/src/utilities/csp_ui_workflow_simulation_Token.py", line 598, in process_user_information
    REQUEST_SESSION = requests.session()
  File "/Users/mtarun/OneDrive_company_Inc/company/code/mangle-yaan-service/src/utilities/csp_ui_workflow_simulation_Token.py", line 598, in process_user_information
    REQUEST_SESSION = requests.session()
  File "/Library/Developer/CommandLineTools/Library/Frameworks/Python3.framework/Versions/3.8/lib/python3.8/bdb.py", line 88, in trace_dispatch
    return self.dispatch_line(frame)
  File "/Library/Developer/CommandLineTools/Library/Frameworks/Python3.framework/Versions/3.8/lib/python3.8/bdb.py", line 113, in dispatch_line
    if self.quitting: raise BdbQuit
bdb.BdbQuit
"""

The above exception was the direct cause of the following exception:

Traceback (most recent call last):
  File "csp_ui_workflow_simulation_Token.py", line 642, in <module>
    csv_writer.writerow(future.result())
  File "/Library/Developer/CommandLineTools/Library/Frameworks/Python3.framework/Versions/3.8/lib/python3.8/concurrent/futures/_base.py", line 437, in result
    return self.__get_result()
  File "/Library/Developer/CommandLineTools/Library/Frameworks/Python3.framework/Versions/3.8/lib/python3.8/concurrent/futures/_base.py", line 389, in __get_result
    raise self._exception
bdb.BdbQuit
[17-11-2022 08:41:09 PM] [INFO] [csp_ui_workflow_simulation_Token.py] [<module>] [pid=51977] [646]: Script end time: 2022-11-17 20:41:09.700573+00:00
[17-11-2022 08:46:33 PM] [DEBUG] [csp_ui_workflow_simulation_Token.py] [update_access_token] [pid=52369] [148]: fetching access_token for CSP API calls
[17-11-2022 08:46:34 PM] [INFO] [csp_ui_workflow_simulation_Token.py] [<module>] [pid=52369] [629]: Script start time: 2022-11-17 20:46:34.643785+00:00
[17-11-2022 08:46:35 PM] [DEBUG] [csp_ui_workflow_simulation_Token.py] [process_user_information] [pid=52373] [618]: processing failed for user=mtarun1@harakirimail.com
[17-11-2022 08:46:35 PM] [ERROR] [csp_ui_workflow_simulation_Token.py] [<module>] [pid=52369] [646]: 
concurrent.futures.process._RemoteTraceback: 
"""
Traceback (most recent call last):
  File "/Library/Developer/CommandLineTools/Library/Frameworks/Python3.framework/Versions/3.8/lib/python3.8/concurrent/futures/process.py", line 239, in _process_worker
    r = call_item.fn(*call_item.args, **call_item.kwargs)
  File "/Users/mtarun/OneDrive_company_Inc/company/code/mangle-yaan-service/src/utilities/csp_ui_workflow_simulation_Token.py", line 600, in process_user_information
    REQUEST_SESSION = requests.session()
  File "/Users/mtarun/OneDrive_company_Inc/company/code/mangle-yaan-service/src/utilities/csp_ui_workflow_simulation_Token.py", line 600, in process_user_information
    REQUEST_SESSION = requests.session()
  File "/Library/Developer/CommandLineTools/Library/Frameworks/Python3.framework/Versions/3.8/lib/python3.8/bdb.py", line 88, in trace_dispatch
    return self.dispatch_line(frame)
  File "/Library/Developer/CommandLineTools/Library/Frameworks/Python3.framework/Versions/3.8/lib/python3.8/bdb.py", line 113, in dispatch_line
    if self.quitting: raise BdbQuit
bdb.BdbQuit
"""

The above exception was the direct cause of the following exception:

Traceback (most recent call last):
  File "csp_ui_workflow_simulation_Token.py", line 644, in <module>
    csv_writer.writerow(future.result())
  File "/Library/Developer/CommandLineTools/Library/Frameworks/Python3.framework/Versions/3.8/lib/python3.8/concurrent/futures/_base.py", line 437, in result
    return self.__get_result()
  File "/Library/Developer/CommandLineTools/Library/Frameworks/Python3.framework/Versions/3.8/lib/python3.8/concurrent/futures/_base.py", line 389, in __get_result
    raise self._exception
bdb.BdbQuit
[17-11-2022 08:46:35 PM] [INFO] [csp_ui_workflow_simulation_Token.py] [<module>] [pid=52369] [648]: Script end time: 2022-11-17 20:46:35.187324+00:00
[17-11-2022 08:49:32 PM] [DEBUG] [csp_ui_workflow_simulation_Token.py] [update_access_token] [pid=52433] [148]: fetching access_token for CSP API calls
[17-11-2022 08:49:34 PM] [INFO] [csp_ui_workflow_simulation_Token.py] [main] [pid=52433] [628]: Script start time: 2022-11-17 20:49:34.132561+00:00
[17-11-2022 08:49:34 PM] [DEBUG] [csp_ui_workflow_simulation_Token.py] [process_user_information] [pid=52446] [618]: processing failed for user=mtarun1@harakirimail.com
[17-11-2022 08:49:34 PM] [ERROR] [csp_ui_workflow_simulation_Token.py] [main] [pid=52433] [645]: 
concurrent.futures.process._RemoteTraceback: 
"""
Traceback (most recent call last):
  File "/Library/Developer/CommandLineTools/Library/Frameworks/Python3.framework/Versions/3.8/lib/python3.8/concurrent/futures/process.py", line 239, in _process_worker
    r = call_item.fn(*call_item.args, **call_item.kwargs)
  File "/Users/mtarun/OneDrive_company_Inc/company/code/mangle-yaan-service/src/utilities/csp_ui_workflow_simulation_Token.py", line 600, in process_user_information
    REQUEST_SESSION = requests.session()
  File "/Users/mtarun/OneDrive_company_Inc/company/code/mangle-yaan-service/src/utilities/csp_ui_workflow_simulation_Token.py", line 600, in process_user_information
    REQUEST_SESSION = requests.session()
  File "/Library/Developer/CommandLineTools/Library/Frameworks/Python3.framework/Versions/3.8/lib/python3.8/bdb.py", line 88, in trace_dispatch
    return self.dispatch_line(frame)
  File "/Library/Developer/CommandLineTools/Library/Frameworks/Python3.framework/Versions/3.8/lib/python3.8/bdb.py", line 113, in dispatch_line
    if self.quitting: raise BdbQuit
bdb.BdbQuit
"""

The above exception was the direct cause of the following exception:

Traceback (most recent call last):
  File "csp_ui_workflow_simulation_Token.py", line 643, in main
    csv_writer.writerow(future.result())
  File "/Library/Developer/CommandLineTools/Library/Frameworks/Python3.framework/Versions/3.8/lib/python3.8/concurrent/futures/_base.py", line 437, in result
    return self.__get_result()
  File "/Library/Developer/CommandLineTools/Library/Frameworks/Python3.framework/Versions/3.8/lib/python3.8/concurrent/futures/_base.py", line 389, in __get_result
    raise self._exception
bdb.BdbQuit
[17-11-2022 08:49:34 PM] [INFO] [csp_ui_workflow_simulation_Token.py] [main] [pid=52433] [647]: Script end time: 2022-11-17 20:49:34.666279+00:00
[17-11-2022 09:01:56 PM] [DEBUG] [csp_ui_workflow_simulation_Token.py] [update_access_token] [pid=56003] [146]: fetching access_token for CSP API calls
[17-11-2022 09:01:57 PM] [INFO] [csp_ui_workflow_simulation_Token.py] [main] [pid=56003] [627]: Script start time: 2022-11-17 21:01:57.884583+00:00
[17-11-2022 09:02:09 PM] [DEBUG] [csp_ui_workflow_simulation_Token.py] [process_user_information] [pid=56003] [599]: processing user={'orgId': 'e345df99-cdbd-4b6a-b6c3-cc33ea2fc35c', 'user': 'mtarun1@harakirimail.com', 'userId': '', 'acct': 'preview_companyid:f2e5c5b9-7f5d-43b9-aed2-5da3c965347f', 'refreshToken': 'mtarun1@harakirimail.com', 'password': 'qlqUAUWV2rqHWxnuyFOCKwROhxxBM9n8GCXhu5OQ1VNbTI9HgNSzvGvzAZhN6xBR', 'clientId': 'Test@123', 'status': 'null'}
[17-11-2022 09:03:13 PM] [DEBUG] [csp_ui_workflow_simulation_Token.py] [get_idp_login_url] [pid=56003] [431]: idp_login_url=https://gaz-preview.csp-vidm-prod.com/oauth/authorize?idp_id=companyid&response_type=code&login_hint=mtarun1@harakirimail.com&client_id=csp_stg_pkce_portal_client_id&redirect_uri=https://console-stg.cloud.company.com/csp/gateway/portal&state=test.&code_challenge=F1PKHNHW_QZ4guNn1OS_Z3qCm5DTA1uefy-1Pr6sCug&code_challenge_method=S256&context_id=5b302efa-d854-41a2-b8e3-8a567dbe1886
[17-11-2022 09:07:14 PM] [DEBUG] [csp_ui_workflow_simulation_Token.py] [execute_my_company_flow] [pid=56003] [263]: csp_vidm_host=https://csp-stg.vidmpreview.com
[17-11-2022 09:07:15 PM] [DEBUG] [csp_ui_workflow_simulation_Token.py] [execute_my_company_flow] [pid=56003] [264]: OAMHOST=https://auth-test35.company.com
[17-11-2022 09:20:00 PM] [DEBUG] [csp_ui_workflow_simulation_Token.py] [process_user_information] [pid=56003] [600]: processing failed for user=mtarun1@harakirimail.com
[17-11-2022 09:20:03 PM] [DEBUG] [csp_ui_workflow_simulation_Token.py] [update_access_token] [pid=58344] [146]: fetching access_token for CSP API calls
[17-11-2022 09:20:04 PM] [INFO] [csp_ui_workflow_simulation_Token.py] [main] [pid=58344] [628]: Script start time: 2022-11-17 21:20:04.569550+00:00
[17-11-2022 09:20:06 PM] [DEBUG] [csp_ui_workflow_simulation_Token.py] [process_user_information] [pid=58344] [599]: processing user={'orgId': 'e345df99-cdbd-4b6a-b6c3-cc33ea2fc35c', 'user': 'mtarun1@harakirimail.com', 'userId': '', 'acct': 'preview_companyid:f2e5c5b9-7f5d-43b9-aed2-5da3c965347f', 'refreshToken': 'mtarun1@harakirimail.com', 'password': 'qlqUAUWV2rqHWxnuyFOCKwROhxxBM9n8GCXhu5OQ1VNbTI9HgNSzvGvzAZhN6xBR', 'clientId': 'Test@123', 'status': 'null'}
[17-11-2022 09:20:06 PM] [DEBUG] [csp_ui_workflow_simulation_Token.py] [get_idp_login_url] [pid=58344] [432]: idp_login_url=https://gaz-preview.csp-vidm-prod.com/oauth/authorize?idp_id=companyid&response_type=code&login_hint=mtarun1@harakirimail.com&client_id=csp_stg_pkce_portal_client_id&redirect_uri=https://console-stg.cloud.company.com/csp/gateway/portal&state=test.&code_challenge=ouMykFcxZ5zmobX2xovwOTNyu15Ykfct--9e_mE0vzU&code_challenge_method=S256&context_id=5b302efa-d854-41a2-b8e3-8a567dbe1886
[17-11-2022 09:20:11 PM] [DEBUG] [csp_ui_workflow_simulation_Token.py] [execute_my_company_flow] [pid=58344] [263]: csp_vidm_host=https://csp-stg.vidmpreview.com
[17-11-2022 09:20:11 PM] [DEBUG] [csp_ui_workflow_simulation_Token.py] [execute_my_company_flow] [pid=58344] [264]: OAMHOST=https://auth-test35.company.com
[17-11-2022 09:25:34 PM] [DEBUG] [csp_ui_workflow_simulation_Token.py] [process_user_information] [pid=58344] [599]: processing failed for user=mtarun1@harakirimail.com
[17-11-2022 09:25:36 PM] [DEBUG] [csp_ui_workflow_simulation_Token.py] [update_access_token] [pid=60065] [146]: fetching access_token for CSP API calls
[17-11-2022 09:25:36 PM] [INFO] [csp_ui_workflow_simulation_Token.py] [main] [pid=60065] [628]: Script start time: 2022-11-17 21:25:36.920707+00:00
[17-11-2022 09:25:39 PM] [DEBUG] [csp_ui_workflow_simulation_Token.py] [process_user_information] [pid=60065] [599]: processing user={'orgId': 'e345df99-cdbd-4b6a-b6c3-cc33ea2fc35c', 'user': 'mtarun1@harakirimail.com', 'userId': 'preview_companyid:f2e5c5b9-7f5d-43b9-aed2-5da3c965347f', 'acct': 'mtarun1@harakirimail.com', 'refreshToken': 'qlqUAUWV2rqHWxnuyFOCKwROhxxBM9n8GCXhu5OQ1VNbTI9HgNSzvGvzAZhN6xBR', 'password': 'Test@123', 'clientId': 'null', 'status': None}
[17-11-2022 09:25:40 PM] [DEBUG] [csp_ui_workflow_simulation_Token.py] [get_idp_login_url] [pid=60065] [432]: idp_login_url=https://gaz-preview.csp-vidm-prod.com/oauth/authorize?idp_id=companyid&response_type=code&login_hint=mtarun1@harakirimail.com&client_id=csp_stg_pkce_portal_client_id&redirect_uri=https://console-stg.cloud.company.com/csp/gateway/portal&state=test.&code_challenge=VbplAUDmxD1odpOoYAk4K9cjh7dWLFQzXW3NXzsenzA&code_challenge_method=S256&context_id=5b302efa-d854-41a2-b8e3-8a567dbe1886
[17-11-2022 09:25:45 PM] [DEBUG] [csp_ui_workflow_simulation_Token.py] [execute_my_company_flow] [pid=60065] [263]: csp_vidm_host=https://csp-stg.vidmpreview.com
[17-11-2022 09:25:45 PM] [DEBUG] [csp_ui_workflow_simulation_Token.py] [execute_my_company_flow] [pid=60065] [264]: OAMHOST=https://auth-test35.company.com
[17-11-2022 09:29:07 PM] [DEBUG] [csp_ui_workflow_simulation_Token.py] [generate_auth_token] [pid=60065] [478]: execute_my_company_flow resp.url=https://console-stg.cloud.company.com/csp/gateway/portal/?code=cE5SxDLC954NHKt1ZdvEzhSZFtd5_QXr&state=test.
[17-11-2022 09:29:37 PM] [DEBUG] [csp_ui_workflow_simulation_Token.py] [generate_auth_token] [pid=60065] [508]: csp_authorize_uri=
[17-11-2022 09:46:06 PM] [DEBUG] [csp_ui_workflow_simulation_Token.py] [process_user_information] [pid=60065] [599]: processing failed for user=mtarun1@harakirimail.com
[17-11-2022 09:46:09 PM] [DEBUG] [csp_ui_workflow_simulation_Token.py] [update_access_token] [pid=65819] [146]: fetching access_token for CSP API calls
[17-11-2022 09:46:10 PM] [INFO] [csp_ui_workflow_simulation_Token.py] [main] [pid=65819] [637]: Script start time: 2022-11-17 21:46:10.278260+00:00
[17-11-2022 09:46:10 PM] [DEBUG] [csp_ui_workflow_simulation_Token.py] [process_user_information] [pid=65819] [609]: processing user={'orgId': 'e345df99-cdbd-4b6a-b6c3-cc33ea2fc35c', 'user': 'mtarun1@harakirimail.com', 'userId': 'preview_companyid:f2e5c5b9-7f5d-43b9-aed2-5da3c965347f', 'acct': 'mtarun1@harakirimail.com', 'refreshToken': 'qlqUAUWV2rqHWxnuyFOCKwROhxxBM9n8GCXhu5OQ1VNbTI9HgNSzvGvzAZhN6xBR', 'password': 'Test@123', 'clientId': 'null', 'status': None}
[17-11-2022 09:46:10 PM] [DEBUG] [csp_ui_workflow_simulation_Token.py] [get_idp_login_url] [pid=65819] [431]: idp_login_url=https://gaz-preview.csp-vidm-prod.com/oauth/authorize?idp_id=companyid&response_type=code&login_hint=mtarun1@harakirimail.com&client_id=csp_stg_pkce_portal_client_id&redirect_uri=https://console-stg.cloud.company.com/csp/gateway/portal&state=test.&code_challenge=b2dmALBig-M2HuQdbOsbJJuW6zl4-MgnY_zp_VRkYSY&code_challenge_method=S256&context_id=5b302efa-d854-41a2-b8e3-8a567dbe1886
[17-11-2022 09:46:15 PM] [DEBUG] [csp_ui_workflow_simulation_Token.py] [execute_my_company_flow] [pid=65819] [263]: csp_vidm_host=https://csp-stg.vidmpreview.com
[17-11-2022 09:46:15 PM] [DEBUG] [csp_ui_workflow_simulation_Token.py] [execute_my_company_flow] [pid=65819] [264]: OAMHOST=https://auth-test35.company.com
[17-11-2022 09:46:18 PM] [DEBUG] [csp_ui_workflow_simulation_Token.py] [generate_auth_token] [pid=65819] [477]: execute_my_company_flow resp.url=https://console-stg.cloud.company.com/csp/gateway/portal/?code=FS71Ur_he_LqwqSjEJGKz1DKF5woX0a2&state=test.
[17-11-2022 09:46:18 PM] [DEBUG] [csp_ui_workflow_simulation_Token.py] [generate_auth_token] [pid=65819] [517]: csp_authorize_uri=https://console-stg.cloud.company.com/csp/gateway/am/api/auth/authorize?grant_type=authorization_code&client_id=csp_stg_pkce_portal_client_id&redirect_uri=https%3A%2F%2Fconsole-stg.cloud.company.com%2Fcsp%2Fgateway%2Fportal&code=FS71Ur_he_LqwqSjEJGKz1DKF5woX0a2&code_verifier=Yr07fQJI43hrttpG5a3xMQpfaPC0WJYj11R7d6b0ces
[17-11-2022 09:46:57 PM] [INFO] [csp_ui_workflow_simulation_Token.py] [process_user_information] [pid=65819] [619]: new_api_token=QMY6yPt4TcUMtyIVP92CmwdhMMNFZk-6CMJxNdSy-jjZs-wo8kdgWwH417kY852t
[17-11-2022 09:46:57 PM] [DEBUG] [csp_ui_workflow_simulation_Token.py] [process_user_information] [pid=65819] [619]: processing done for user=mtarun1@harakirimail.com
[17-11-2022 09:46:57 PM] [INFO] [csp_ui_workflow_simulation_Token.py] [main] [pid=65819] [658]: Script end time: 2022-11-17 21:46:57.359618+00:00
[17-11-2022 09:50:04 PM] [DEBUG] [csp_ui_workflow_simulation_Token.py] [update_access_token] [pid=66118] [146]: fetching access_token for CSP API calls
[17-11-2022 09:50:05 PM] [INFO] [csp_ui_workflow_simulation_Token.py] [main] [pid=66118] [636]: Script start time: 2022-11-17 21:50:05.676596+00:00
[17-11-2022 09:50:06 PM] [DEBUG] [csp_ui_workflow_simulation_Token.py] [process_user_information] [pid=66123] [608]: processing user={'orgId': 'e345df99-cdbd-4b6a-b6c3-cc33ea2fc35c', 'user': 'mtarun1@harakirimail.com', 'userId': 'preview_companyid:f2e5c5b9-7f5d-43b9-aed2-5da3c965347f', 'acct': 'mtarun1@harakirimail.com', 'refreshToken': 'qlqUAUWV2rqHWxnuyFOCKwROhxxBM9n8GCXhu5OQ1VNbTI9HgNSzvGvzAZhN6xBR', 'password': 'Test@123', 'clientId': 'null', 'status': None}
[17-11-2022 09:50:06 PM] [DEBUG] [csp_ui_workflow_simulation_Token.py] [get_idp_login_url] [pid=66123] [431]: idp_login_url=https://gaz-preview.csp-vidm-prod.com/oauth/authorize?idp_id=companyid&response_type=code&login_hint=mtarun1@harakirimail.com&client_id=csp_stg_pkce_portal_client_id&redirect_uri=https://console-stg.cloud.company.com/csp/gateway/portal&state=test.&code_challenge=VmbekDv2jz57v7XlOwbEHbuSUu8wMcfvrjrcZVPMRCw&code_challenge_method=S256&context_id=5b302efa-d854-41a2-b8e3-8a567dbe1886
[17-11-2022 09:50:11 PM] [DEBUG] [csp_ui_workflow_simulation_Token.py] [execute_my_company_flow] [pid=66123] [263]: csp_vidm_host=https://csp-stg.vidmpreview.com
[17-11-2022 09:50:11 PM] [DEBUG] [csp_ui_workflow_simulation_Token.py] [execute_my_company_flow] [pid=66123] [264]: OAMHOST=https://auth-test35.company.com
[17-11-2022 09:50:14 PM] [DEBUG] [csp_ui_workflow_simulation_Token.py] [generate_auth_token] [pid=66123] [477]: execute_my_company_flow resp.url=https://console-stg.cloud.company.com/csp/gateway/portal/?code=Kjh0uWauUXaGotwn2nx9MH5otctWwruk&state=test.
[17-11-2022 09:50:14 PM] [DEBUG] [csp_ui_workflow_simulation_Token.py] [generate_auth_token] [pid=66123] [517]: csp_authorize_uri=https://console-stg.cloud.company.com/csp/gateway/am/api/auth/authorize?grant_type=authorization_code&client_id=csp_stg_pkce_portal_client_id&redirect_uri=https%3A%2F%2Fconsole-stg.cloud.company.com%2Fcsp%2Fgateway%2Fportal&code=Kjh0uWauUXaGotwn2nx9MH5otctWwruk&code_verifier=dcpvtJBXxEqeMrsO4Zmr2ONSUXbWFX3ynPAaQdLJ4mi
[17-11-2022 09:50:22 PM] [INFO] [csp_ui_workflow_simulation_Token.py] [process_user_information] [pid=66123] [618]: new_api_token=PkyMGnOsFKuzKd6BsfQBHrWfeCMTa0wYt2rEcuoZqhOknuN0tbgHAGp9WTE5CRyK
[17-11-2022 09:50:22 PM] [DEBUG] [csp_ui_workflow_simulation_Token.py] [process_user_information] [pid=66123] [622]: processing done for user=mtarun1@harakirimail.com
[17-11-2022 09:50:22 PM] [INFO] [csp_ui_workflow_simulation_Token.py] [main] [pid=66118] [660]: Script end time: 2022-11-17 21:50:22.977830+00:00
[17-11-2022 09:53:57 PM] [ERROR] [csp_ui_workflow_simulation_Token.py] [main] [pid=67633] [634]: PO_AUTH_TOKEN needs to be supplied. Global vars are defined at the top
[28-11-2022 12:58:13 PM] [ERROR] [csp_ui_workflow_simulation_Token.py] [main] [pid=36892] [634]: PO_AUTH_TOKEN needs to be supplied. Global vars are defined at the top
[28-11-2022 12:59:50 PM] [DEBUG] [csp_ui_workflow_simulation_Token.py] [update_access_token] [pid=36938] [146]: fetching access_token for CSP API calls
[28-11-2022 01:00:16 PM] [DEBUG] [csp_ui_workflow_simulation_Token.py] [update_access_token] [pid=37095] [146]: fetching access_token for CSP API calls
[28-11-2022 01:00:17 PM] [INFO] [csp_ui_workflow_simulation_Token.py] [main] [pid=37095] [640]: Script start time: 2022-11-28 13:00:17.156243+00:00
[28-11-2022 01:00:17 PM] [DEBUG] [csp_ui_workflow_simulation_Token.py] [process_user_information] [pid=37095] [608]: processing user={'orgId': 'e345df99-cdbd-4b6a-b6c3-cc33ea2fc35c', 'user': 'mtarun1@harakirimail.com', 'userId': 'preview_companyid:f2e5c5b9-7f5d-43b9-aed2-5da3c965347f', 'acct': 'mtarun1@harakirimail.com', 'refreshToken': 'PkyMGnOsFKuzKd6BsfQBHrWfeCMTa0wYt2rEcuoZqhOknuN0tbgHAGp9WTE5CRyK', 'password': 'Test@123', 'clientId': 'null', 'status': 'PASS'}
[28-11-2022 01:00:17 PM] [DEBUG] [csp_ui_workflow_simulation_Token.py] [get_idp_login_url] [pid=37095] [431]: idp_login_url=https://gaz-preview.csp-vidm-prod.com/oauth/authorize?idp_id=companyid&response_type=code&login_hint=mtarun1@harakirimail.com&client_id=csp_stg_pkce_portal_client_id&redirect_uri=https://console-stg.cloud.company.com/csp/gateway/portal&state=test.&code_challenge=E1wZ4B4hNnDVeEU5rqPJpdjoAfP1Z54UaGOtenPnW1U&code_challenge_method=S256&context_id=5b302efa-d854-41a2-b8e3-8a567dbe1886
[28-11-2022 01:00:22 PM] [DEBUG] [csp_ui_workflow_simulation_Token.py] [execute_my_company_flow] [pid=37095] [263]: csp_vidm_host=https://csp-stg.vidmpreview.com
[28-11-2022 01:00:22 PM] [DEBUG] [csp_ui_workflow_simulation_Token.py] [execute_my_company_flow] [pid=37095] [264]: OAMHOST=https://auth-test35.company.com
[28-11-2022 01:00:25 PM] [DEBUG] [csp_ui_workflow_simulation_Token.py] [generate_auth_token] [pid=37095] [477]: execute_my_company_flow resp.url=https://console-stg.cloud.company.com/csp/gateway/portal/?code=OHrGNcVVMfcbl9sNotiHjYvBZV__f9yp&state=test.
[28-11-2022 01:00:25 PM] [DEBUG] [csp_ui_workflow_simulation_Token.py] [generate_auth_token] [pid=37095] [517]: csp_authorize_uri=https://console-stg.cloud.company.com/csp/gateway/am/api/auth/authorize?grant_type=authorization_code&client_id=csp_stg_pkce_portal_client_id&redirect_uri=https%3A%2F%2Fconsole-stg.cloud.company.com%2Fcsp%2Fgateway%2Fportal&code=OHrGNcVVMfcbl9sNotiHjYvBZV__f9yp&code_verifier=6Klvq_I1QtSnKnpsB7dsRmbh8WAWmnceWpZZDTlqxhe
[28-11-2022 01:00:26 PM] [INFO] [csp_ui_workflow_simulation_Token.py] [process_user_information] [pid=37095] [612]: fetched_access_token=eyJhbGciOiJSUzI1NiIsInR5cCI6IkpXVCIsImtpZCI6InNpZ25pbmdfMiJ9.eyJzdWIiOiJ2bXdhcmVpZDpmMzU0MWU3Ny0yYzFmLTRlNzUtYWRiMS1lYjJmNWRhZDQwMTIiLCJpc3MiOiJodHRwczovL2dhei1wcmV2aWV3LmNzcC12aWRtLXByb2QuY29tIiwiY29udGV4dF9uYW1lIjoiZTM0NWRmOTktY2RiZC00YjZhLWI2YzMtY2MzM2VhMmZjMzVjIiwiYXpwIjoiY3NwX3N0Z19wa2NlX3BvcnRhbF9jbGllbnRfaWQiLCJhdXRob3JpemF0aW9uX2RldGFpbHMiOltdLCJkb21haW4iOiJ2bXdhcmVpZCIsImNvbnRleHQiOiI1YjMwMmVmYS1kODU0LTQxYTItYjhlMy04YTU2N2RiZTE4ODYiLCJwZXJtcyI6WyJjc3A6b3JnX293bmVyIl0sImV4cCI6MTY2OTY0MjIyNSwiaWF0IjoxNjY5NjQwNDI1LCJqdGkiOiI4ZmJmNTU2ZC04YmFlLTRkYWItODc5Mi0xOWIyNzE3ZTYzYzYiLCJhY2N0IjoibXRhcnVuMUBoYXJha2lyaW1haWwuY29tIiwidXNlcm5hbWUiOiJtdGFydW4xQGhhcmFraXJpbWFpbC5jb20ifQ.XVKhyZyU9jNbVHakKUTNndJ0W1RwP4XhepHMkbDncv914uhUZJnLqsAVewln11iK-vpeKmAd-_9PTPdn-6iGDVGvLsnVtDkt4yUXRskjWBDnZVx3uS94DkDYVK-_yXCE8Kj3YMYSCl3aolgmPS07HpYX2VClvAnEIQh8Kgyt29B0lEaL_s6nUvaikFWIMK0Yuf9J1Dn6JOOzxiu7tVTIbBTqBapSIa2sD2_Qhhox1UUV6l-9hxwTW1V6H7PPrJvuG7ugwTnNOjBsMGjlFGbtiLeMCbgqy7jPJhdUQ1XyMQq6zgqas5ad6wmaP5lKx6REqYm0eavP050hcud8-rRygQ
[28-11-2022 01:00:26 PM] [INFO] [csp_ui_workflow_simulation_Token.py] [main] [pid=37095] [664]: Script end time: 2022-11-28 13:00:26.033856+00:00
[28-11-2022 01:33:00 PM] [DEBUG] [csp_ui_workflow_simulation_Token.py] [update_access_token] [pid=42744] [146]: fetching access_token for CSP API calls
[28-11-2022 01:33:01 PM] [INFO] [csp_ui_workflow_simulation_Token.py] [main] [pid=42744] [640]: Script start time: 2022-11-28 13:33:01.663990+00:00
[28-11-2022 01:33:01 PM] [DEBUG] [csp_ui_workflow_simulation_Token.py] [process_user_information] [pid=42744] [608]: processing user={'orgId': 'e345df99-cdbd-4b6a-b6c3-cc33ea2fc35c', 'user': 'cspperf_user20002@cspperf.com', 'userId': 'preview_companyid:f2e5c5b9-7f5d-43b9-aed2-5da3c965347f', 'acct': 'cspperf_user20002@cspperf.com', 'refreshToken': 'qlqUAUWV2rqHWxnuyFOCKwROhxxBM9n8GCXhu5OQ1VNbTI9HgNSzvGvzAZhN6xBR', 'password': 'Test@123', 'clientId': 'null', 'status': None}
[28-11-2022 01:33:02 PM] [DEBUG] [csp_ui_workflow_simulation_Token.py] [get_idp_login_url] [pid=42744] [431]: idp_login_url=https://gaz-preview.csp-vidm-prod.com/oauth/authorize?idp_id=00a291e5-e699-40a3-94ba-fc80b697f486&response_type=code&login_hint=cspperf_user20002@cspperf.com&client_id=csp_stg_pkce_portal_client_id&redirect_uri=https://console-stg.cloud.company.com/csp/gateway/portal&state=test.&code_challenge=v1HnUDc27e9vQqPA8WLT9LiskDN9BhyYzLLJhCauFHM&code_challenge_method=S256&context_id=e759d7ca-3e8a-4b91-9826-017f80bb1c92
[28-11-2022 01:33:05 PM] [DEBUG] [csp_ui_workflow_simulation_Token.py] [process_user_information] [pid=42744] [625]: processing failed for user=cspperf_user20002@cspperf.com
[28-11-2022 01:43:22 PM] [DEBUG] [csp_ui_workflow_simulation_Token.py] [update_access_token] [pid=44605] [146]: fetching access_token for CSP API calls
[28-11-2022 01:43:23 PM] [INFO] [csp_ui_workflow_simulation_Token.py] [main] [pid=44605] [641]: Script start time: 2022-11-28 13:43:23.692240+00:00
[28-11-2022 01:43:23 PM] [DEBUG] [csp_ui_workflow_simulation_Token.py] [process_user_information] [pid=44605] [609]: processing user={'orgId': 'e345df99-cdbd-4b6a-b6c3-cc33ea2fc35c', 'user': 'cspperf_user20002@cspperf.com', 'userId': 'preview_companyid:f2e5c5b9-7f5d-43b9-aed2-5da3c965347f', 'acct': 'cspperf_user20002@cspperf.com', 'refreshToken': 'qlqUAUWV2rqHWxnuyFOCKwROhxxBM9n8GCXhu5OQ1VNbTI9HgNSzvGvzAZhN6xBR', 'password': 'Test@123', 'clientId': 'null', 'status': None}
[28-11-2022 01:43:24 PM] [DEBUG] [csp_ui_workflow_simulation_Token.py] [get_idp_login_url] [pid=44605] [432]: idp_login_url=https://gaz-preview.csp-vidm-prod.com/oauth/authorize?idp_id=00a291e5-e699-40a3-94ba-fc80b697f486&response_type=code&login_hint=cspperf_user20002@cspperf.com&client_id=csp_stg_pkce_portal_client_id&redirect_uri=https://console-stg.cloud.company.com/csp/gateway/portal&state=test.&code_challenge=pZkbWwB8VZXY0HwCFX2q3y8bRdO7tF4CWib5QYYPOWM&code_challenge_method=S256&context_id=e759d7ca-3e8a-4b91-9826-017f80bb1c92
[28-11-2022 02:12:48 PM] [DEBUG] [csp_ui_workflow_simulation_Token.py] [process_user_information] [pid=44605] [610]: processing failed for user=cspperf_user20002@cspperf.com
[28-11-2022 02:12:51 PM] [DEBUG] [csp_ui_workflow_simulation_Token.py] [update_access_token] [pid=50219] [146]: fetching access_token for CSP API calls
[28-11-2022 02:12:52 PM] [INFO] [csp_ui_workflow_simulation_Token.py] [main] [pid=50219] [725]: Script start time: 2022-11-28 14:12:52.613952+00:00
[28-11-2022 02:12:52 PM] [DEBUG] [csp_ui_workflow_simulation_Token.py] [process_user_information] [pid=50219] [693]: processing user={'orgId': 'e345df99-cdbd-4b6a-b6c3-cc33ea2fc35c', 'user': 'cspperf_user20002@cspperf.com', 'userId': 'preview_companyid:f2e5c5b9-7f5d-43b9-aed2-5da3c965347f', 'acct': 'cspperf_user20002@cspperf.com', 'refreshToken': 'qlqUAUWV2rqHWxnuyFOCKwROhxxBM9n8GCXhu5OQ1VNbTI9HgNSzvGvzAZhN6xBR', 'password': 'Test@123', 'clientId': 'null', 'status': None}
[28-11-2022 02:12:53 PM] [DEBUG] [csp_ui_workflow_simulation_Token.py] [get_idp_login_url] [pid=50219] [514]: idp_login_url=https://gaz-preview.csp-vidm-prod.com/oauth/authorize?idp_id=00a291e5-e699-40a3-94ba-fc80b697f486&response_type=code&login_hint=cspperf_user20002@cspperf.com&client_id=csp_stg_pkce_portal_client_id&redirect_uri=https://console-stg.cloud.company.com/csp/gateway/portal&state=test.&code_challenge=crxcU96Wn0ZHIh0X1PXCig-1J0Pq6W3LdbKcPuu-icI&code_challenge_method=S256&context_id=e759d7ca-3e8a-4b91-9826-017f80bb1c92
[28-11-2022 06:38:54 PM] [DEBUG] [csp_ui_workflow_simulation_Token.py] [process_user_information] [pid=50219] [694]: processing failed for user=cspperf_user20002@cspperf.com
[28-11-2022 06:43:22 PM] [DEBUG] [csp_ui_workflow_simulation_Token.py] [update_access_token] [pid=82093] [146]: fetching access_token for CSP API calls
[28-11-2022 06:43:23 PM] [INFO] [csp_ui_workflow_simulation_Token.py] [main] [pid=82093] [725]: Script start time: 2022-11-28 18:43:23.754078+00:00
[28-11-2022 06:43:23 PM] [DEBUG] [csp_ui_workflow_simulation_Token.py] [process_user_information] [pid=82093] [693]: processing user={'orgId': 'e345df99-cdbd-4b6a-b6c3-cc33ea2fc35c', 'user': 'cspperf_user20002@cspperf.com', 'userId': 'preview_companyid:f2e5c5b9-7f5d-43b9-aed2-5da3c965347f', 'acct': 'cspperf_user20002@cspperf.com', 'refreshToken': 'qlqUAUWV2rqHWxnuyFOCKwROhxxBM9n8GCXhu5OQ1VNbTI9HgNSzvGvzAZhN6xBR', 'password': 'Test@123', 'clientId': 'null', 'status': None}
[28-11-2022 06:43:24 PM] [DEBUG] [csp_ui_workflow_simulation_Token.py] [get_idp_login_url] [pid=82093] [514]: idp_login_url=https://gaz-preview.csp-vidm-prod.com/oauth/authorize?idp_id=00a291e5-e699-40a3-94ba-fc80b697f486&response_type=code&login_hint=cspperf_user20002@cspperf.com&client_id=csp_stg_pkce_portal_client_id&redirect_uri=https://console-stg.cloud.company.com/csp/gateway/portal&state=test.&code_challenge=Tty6w34gsvR-56RLTD1Oz9bylwKfxSrl603hQkITdOA&code_challenge_method=S256&context_id=e759d7ca-3e8a-4b91-9826-017f80bb1c92
[29-11-2022 02:57:44 AM] [DEBUG] [csp_ui_workflow_simulation_Token.py] [process_user_information] [pid=82093] [694]: processing failed for user=cspperf_user20002@cspperf.com
[29-11-2022 03:09:26 AM] [DEBUG] [csp_ui_workflow_simulation_Token.py] [update_access_token] [pid=99066] [146]: fetching access_token for CSP API calls
[29-11-2022 03:09:27 AM] [INFO] [csp_ui_workflow_simulation_Token.py] [main] [pid=99066] [721]: Script start time: 2022-11-29 03:09:27.950924+00:00
[29-11-2022 03:09:27 AM] [DEBUG] [csp_ui_workflow_simulation_Token.py] [process_user_information] [pid=99066] [689]: processing user={'orgId': 'e345df99-cdbd-4b6a-b6c3-cc33ea2fc35c', 'user': 'cspperf_user20002@cspperf.com', 'userId': 'preview_companyid:f2e5c5b9-7f5d-43b9-aed2-5da3c965347f', 'acct': 'cspperf_user20002@cspperf.com', 'refreshToken': 'qlqUAUWV2rqHWxnuyFOCKwROhxxBM9n8GCXhu5OQ1VNbTI9HgNSzvGvzAZhN6xBR', 'password': 'Test@123', 'clientId': 'null', 'status': None}
[29-11-2022 03:09:28 AM] [DEBUG] [csp_ui_workflow_simulation_Token.py] [get_idp_login_url] [pid=99066] [510]: idp_login_url=https://gaz-preview.csp-vidm-prod.com/oauth/authorize?idp_id=00a291e5-e699-40a3-94ba-fc80b697f486&response_type=code&login_hint=cspperf_user20002@cspperf.com&client_id=csp_stg_pkce_portal_client_id&redirect_uri=https://console-stg.cloud.company.com/csp/gateway/portal&state=test.&code_challenge=m6Va0BzJZf02ZuRJcmCWiayqHnXERKzuFO_tPp6rg8E&code_challenge_method=S256&context_id=e759d7ca-3e8a-4b91-9826-017f80bb1c92
[29-11-2022 03:24:37 AM] [DEBUG] [csp_ui_workflow_simulation_Token.py] [process_user_information] [pid=99066] [690]: processing failed for user=cspperf_user20002@cspperf.com
[29-11-2022 03:24:38 AM] [DEBUG] [csp_ui_workflow_simulation_Token.py] [update_access_token] [pid=3824] [146]: fetching access_token for CSP API calls
[29-11-2022 03:24:39 AM] [INFO] [csp_ui_workflow_simulation_Token.py] [main] [pid=3824] [721]: Script start time: 2022-11-29 03:24:39.333958+00:00
[29-11-2022 03:24:39 AM] [DEBUG] [csp_ui_workflow_simulation_Token.py] [process_user_information] [pid=3824] [689]: processing user={'orgId': 'e345df99-cdbd-4b6a-b6c3-cc33ea2fc35c', 'user': 'cspperf_user20002@cspperf.com', 'userId': 'preview_companyid:f2e5c5b9-7f5d-43b9-aed2-5da3c965347f', 'acct': 'cspperf_user20002@cspperf.com', 'refreshToken': 'qlqUAUWV2rqHWxnuyFOCKwROhxxBM9n8GCXhu5OQ1VNbTI9HgNSzvGvzAZhN6xBR', 'password': 'Test@123', 'clientId': 'null', 'status': None}
[29-11-2022 03:24:39 AM] [DEBUG] [csp_ui_workflow_simulation_Token.py] [get_idp_login_url] [pid=3824] [510]: idp_login_url=https://gaz-preview.csp-vidm-prod.com/oauth/authorize?idp_id=00a291e5-e699-40a3-94ba-fc80b697f486&response_type=code&login_hint=cspperf_user20002@cspperf.com&client_id=csp_stg_pkce_portal_client_id&redirect_uri=https://console-stg.cloud.company.com/csp/gateway/portal&state=test.&code_challenge=ZvK7fxWvIbQ4U5HbwCIxwoNS6drWRyXxt3A9roKTQOA&code_challenge_method=S256&context_id=e759d7ca-3e8a-4b91-9826-017f80bb1c92
[29-11-2022 03:30:57 AM] [DEBUG] [csp_ui_workflow_simulation_Token.py] [process_user_information] [pid=3824] [690]: processing failed for user=cspperf_user20002@cspperf.com
[29-11-2022 03:33:04 AM] [DEBUG] [csp_ui_workflow_simulation_Token.py] [update_access_token] [pid=6247] [146]: fetching access_token for CSP API calls
[29-11-2022 03:33:05 AM] [INFO] [csp_ui_workflow_simulation_Token.py] [main] [pid=6247] [721]: Script start time: 2022-11-29 03:33:05.786801+00:00
[29-11-2022 03:33:05 AM] [DEBUG] [csp_ui_workflow_simulation_Token.py] [process_user_information] [pid=6247] [689]: processing user={'orgId': 'e345df99-cdbd-4b6a-b6c3-cc33ea2fc35c', 'user': 'cspperf_user20002@cspperf.com', 'userId': 'preview_companyid:f2e5c5b9-7f5d-43b9-aed2-5da3c965347f', 'acct': 'cspperf_user20002@cspperf.com', 'refreshToken': 'qlqUAUWV2rqHWxnuyFOCKwROhxxBM9n8GCXhu5OQ1VNbTI9HgNSzvGvzAZhN6xBR', 'password': 'Test@123', 'clientId': 'null', 'status': None}
[29-11-2022 03:33:06 AM] [DEBUG] [csp_ui_workflow_simulation_Token.py] [get_idp_login_url] [pid=6247] [510]: idp_login_url=https://gaz-preview.csp-vidm-prod.com/oauth/authorize?idp_id=00a291e5-e699-40a3-94ba-fc80b697f486&response_type=code&login_hint=cspperf_user20002@cspperf.com&client_id=csp_stg_pkce_portal_client_id&redirect_uri=https://console-stg.cloud.company.com/csp/gateway/portal&state=test.&code_challenge=XlwwOmElIdAqx8BLulp31ix0KHtwb736bqg9Cako13I&code_challenge_method=S256&context_id=e759d7ca-3e8a-4b91-9826-017f80bb1c92
[29-11-2022 04:14:40 AM] [DEBUG] [csp_ui_workflow_simulation_Token.py] [process_user_information] [pid=6247] [690]: processing failed for user=cspperf_user20002@cspperf.com
[29-11-2022 04:19:54 PM] [DEBUG] [csp_ui_workflow_simulation_Token.py] [update_access_token] [pid=95100] [146]: fetching access_token for CSP API calls
[29-11-2022 04:19:55 PM] [INFO] [csp_ui_workflow_simulation_Token.py] [main] [pid=95100] [722]: Script start time: 2022-11-29 16:19:55.041732+00:00
[29-11-2022 04:19:55 PM] [DEBUG] [csp_ui_workflow_simulation_Token.py] [process_user_information] [pid=95100] [690]: processing user={'orgId': 'e345df99-cdbd-4b6a-b6c3-cc33ea2fc35c', 'user': 'cspperf_user20002@cspperf.com', 'userId': 'preview_companyid:f2e5c5b9-7f5d-43b9-aed2-5da3c965347f', 'acct': 'cspperf_user20002@cspperf.com', 'refreshToken': 'qlqUAUWV2rqHWxnuyFOCKwROhxxBM9n8GCXhu5OQ1VNbTI9HgNSzvGvzAZhN6xBR', 'password': 'Test@123', 'clientId': 'null', 'status': None}
[29-11-2022 04:19:55 PM] [DEBUG] [csp_ui_workflow_simulation_Token.py] [get_idp_login_url] [pid=95100] [511]: idp_login_url=https://gaz-preview.csp-vidm-prod.com/oauth/authorize?idp_id=00a291e5-e699-40a3-94ba-fc80b697f486&response_type=code&login_hint=cspperf_user20002@cspperf.com&client_id=csp_stg_pkce_portal_client_id&redirect_uri=https://console-stg.cloud.company.com/csp/gateway/portal&state=test.&code_challenge=rxi5-93f_sbJdAljFvQ3UpzqEbZtwvSwELksdCLPWjo&code_challenge_method=S256&context_id=e759d7ca-3e8a-4b91-9826-017f80bb1c92
[29-11-2022 05:50:36 PM] [DEBUG] [csp_ui_workflow_simulation_Token.py] [process_user_information] [pid=95100] [691]: processing failed for user=cspperf_user20002@cspperf.com
[29-11-2022 05:52:11 PM] [DEBUG] [csp_ui_workflow_simulation_Token.py] [update_access_token] [pid=19632] [147]: fetching access_token for CSP API calls
[29-11-2022 05:52:12 PM] [INFO] [csp_ui_workflow_simulation_Token.py] [main] [pid=19632] [764]: Script start time: 2022-11-29 17:52:12.736601+00:00
[29-11-2022 05:52:12 PM] [DEBUG] [csp_ui_workflow_simulation_Token.py] [process_user_information] [pid=19632] [732]: processing user={'orgId': 'e345df99-cdbd-4b6a-b6c3-cc33ea2fc35c', 'user': 'cspperf_user20002@cspperf.com', 'userId': 'preview_companyid:f2e5c5b9-7f5d-43b9-aed2-5da3c965347f', 'acct': 'cspperf_user20002@cspperf.com', 'refreshToken': 'qlqUAUWV2rqHWxnuyFOCKwROhxxBM9n8GCXhu5OQ1VNbTI9HgNSzvGvzAZhN6xBR', 'password': 'Test@123', 'clientId': 'null', 'status': None}
[29-11-2022 05:52:13 PM] [DEBUG] [csp_ui_workflow_simulation_Token.py] [get_idp_login_url] [pid=19632] [553]: idp_login_url=https://gaz-preview.csp-vidm-prod.com/oauth/authorize?idp_id=00a291e5-e699-40a3-94ba-fc80b697f486&response_type=code&login_hint=cspperf_user20002@cspperf.com&client_id=csp_stg_pkce_portal_client_id&redirect_uri=https://console-stg.cloud.company.com/csp/gateway/portal&state=test.&code_challenge=kOOaim_BADHX65PDM0U4obuLR5RGfHM5AxksAKWMii0&code_challenge_method=S256&context_id=e759d7ca-3e8a-4b91-9826-017f80bb1c92
[29-11-2022 05:57:28 PM] [DEBUG] [csp_ui_workflow_simulation_Token.py] [process_user_information] [pid=19632] [733]: processing failed for user=cspperf_user20002@cspperf.com
[29-11-2022 05:57:31 PM] [DEBUG] [csp_ui_workflow_simulation_Token.py] [update_access_token] [pid=21711] [147]: fetching access_token for CSP API calls
[29-11-2022 05:57:32 PM] [INFO] [csp_ui_workflow_simulation_Token.py] [main] [pid=21711] [766]: Script start time: 2022-11-29 17:57:32.357843+00:00
[29-11-2022 05:57:32 PM] [DEBUG] [csp_ui_workflow_simulation_Token.py] [process_user_information] [pid=21711] [734]: processing user={'orgId': 'e345df99-cdbd-4b6a-b6c3-cc33ea2fc35c', 'user': 'cspperf_user20002@cspperf.com', 'userId': 'preview_companyid:f2e5c5b9-7f5d-43b9-aed2-5da3c965347f', 'acct': 'cspperf_user20002@cspperf.com', 'refreshToken': 'qlqUAUWV2rqHWxnuyFOCKwROhxxBM9n8GCXhu5OQ1VNbTI9HgNSzvGvzAZhN6xBR', 'password': 'Test@123', 'clientId': 'null', 'status': None}
[29-11-2022 05:57:32 PM] [DEBUG] [csp_ui_workflow_simulation_Token.py] [get_idp_login_url] [pid=21711] [555]: idp_login_url=https://gaz-preview.csp-vidm-prod.com/oauth/authorize?idp_id=00a291e5-e699-40a3-94ba-fc80b697f486&response_type=code&login_hint=cspperf_user20002@cspperf.com&client_id=csp_stg_pkce_portal_client_id&redirect_uri=https://console-stg.cloud.company.com/csp/gateway/portal&state=test.&code_challenge=2rJw0AYfMKfgLQKvHOP5vgHKXKJOtiuHecRQw2DxPlk&code_challenge_method=S256&context_id=e759d7ca-3e8a-4b91-9826-017f80bb1c92
[29-11-2022 05:57:58 PM] [DEBUG] [csp_ui_workflow_simulation_Token.py] [process_user_information] [pid=21711] [735]: processing failed for user=cspperf_user20002@cspperf.com
[29-11-2022 05:58:02 PM] [DEBUG] [csp_ui_workflow_simulation_Token.py] [update_access_token] [pid=21751] [147]: fetching access_token for CSP API calls
[29-11-2022 05:58:03 PM] [INFO] [csp_ui_workflow_simulation_Token.py] [main] [pid=21751] [766]: Script start time: 2022-11-29 17:58:03.217487+00:00
[29-11-2022 05:58:03 PM] [DEBUG] [csp_ui_workflow_simulation_Token.py] [process_user_information] [pid=21751] [734]: processing user={'orgId': 'e345df99-cdbd-4b6a-b6c3-cc33ea2fc35c', 'user': 'cspperf_user20002@cspperf.com', 'userId': 'preview_companyid:f2e5c5b9-7f5d-43b9-aed2-5da3c965347f', 'acct': 'cspperf_user20002@cspperf.com', 'refreshToken': 'qlqUAUWV2rqHWxnuyFOCKwROhxxBM9n8GCXhu5OQ1VNbTI9HgNSzvGvzAZhN6xBR', 'password': 'Test@123', 'clientId': 'null', 'status': None}
[29-11-2022 05:58:03 PM] [DEBUG] [csp_ui_workflow_simulation_Token.py] [get_idp_login_url] [pid=21751] [555]: idp_login_url=https://gaz-preview.csp-vidm-prod.com/oauth/authorize?idp_id=00a291e5-e699-40a3-94ba-fc80b697f486&response_type=code&login_hint=cspperf_user20002@cspperf.com&client_id=csp_stg_pkce_portal_client_id&redirect_uri=https://console-stg.cloud.company.com/csp/gateway/portal&state=test.&code_challenge=nm3gWDbrPelYwWoqO_nHCzszRrd-YYPMUXFVU5Jht_s&code_challenge_method=S256&context_id=e759d7ca-3e8a-4b91-9826-017f80bb1c92
[29-11-2022 06:36:40 PM] [DEBUG] [csp_ui_workflow_simulation_Token.py] [process_user_information] [pid=21751] [735]: processing failed for user=cspperf_user20002@cspperf.com
[29-11-2022 06:36:41 PM] [DEBUG] [csp_ui_workflow_simulation_Token.py] [update_access_token] [pid=30768] [147]: fetching access_token for CSP API calls
[29-11-2022 06:36:43 PM] [INFO] [csp_ui_workflow_simulation_Token.py] [main] [pid=30768] [773]: Script start time: 2022-11-29 18:36:43.407792+00:00
[29-11-2022 06:36:43 PM] [DEBUG] [csp_ui_workflow_simulation_Token.py] [process_user_information] [pid=30768] [741]: processing user={'orgId': 'e345df99-cdbd-4b6a-b6c3-cc33ea2fc35c', 'user': 'cspperf_user20002@cspperf.com', 'userId': 'preview_companyid:f2e5c5b9-7f5d-43b9-aed2-5da3c965347f', 'acct': 'cspperf_user20002@cspperf.com', 'refreshToken': 'qlqUAUWV2rqHWxnuyFOCKwROhxxBM9n8GCXhu5OQ1VNbTI9HgNSzvGvzAZhN6xBR', 'password': 'Test@123', 'clientId': 'null', 'status': None}
[29-11-2022 06:36:43 PM] [DEBUG] [csp_ui_workflow_simulation_Token.py] [get_idp_login_url] [pid=30768] [562]: idp_login_url=https://gaz-preview.csp-vidm-prod.com/oauth/authorize?idp_id=00a291e5-e699-40a3-94ba-fc80b697f486&response_type=code&login_hint=cspperf_user20002@cspperf.com&client_id=csp_stg_pkce_portal_client_id&redirect_uri=https://console-stg.cloud.company.com/csp/gateway/portal&state=test.&code_challenge=ObOwGh9CaDqxuU1eBJ_pbvko45TIUOFsxvtid9MkvG0&code_challenge_method=S256&context_id=e759d7ca-3e8a-4b91-9826-017f80bb1c92
[29-11-2022 06:52:22 PM] [DEBUG] [csp_ui_workflow_simulation_Token.py] [process_user_information] [pid=30768] [742]: processing failed for user=cspperf_user20002@cspperf.com
[29-11-2022 06:52:23 PM] [DEBUG] [csp_ui_workflow_simulation_Token.py] [update_access_token] [pid=34934] [147]: fetching access_token for CSP API calls
[29-11-2022 06:52:24 PM] [INFO] [csp_ui_workflow_simulation_Token.py] [main] [pid=34934] [780]: Script start time: 2022-11-29 18:52:24.517872+00:00
[29-11-2022 06:52:24 PM] [DEBUG] [csp_ui_workflow_simulation_Token.py] [process_user_information] [pid=34934] [748]: processing user={'orgId': 'e345df99-cdbd-4b6a-b6c3-cc33ea2fc35c', 'user': 'cspperf_user20002@cspperf.com', 'userId': 'preview_companyid:f2e5c5b9-7f5d-43b9-aed2-5da3c965347f', 'acct': 'cspperf_user20002@cspperf.com', 'refreshToken': 'qlqUAUWV2rqHWxnuyFOCKwROhxxBM9n8GCXhu5OQ1VNbTI9HgNSzvGvzAZhN6xBR', 'password': 'Test@123', 'clientId': 'null', 'status': None}
[29-11-2022 06:52:25 PM] [DEBUG] [csp_ui_workflow_simulation_Token.py] [get_idp_login_url] [pid=34934] [569]: idp_login_url=https://gaz-preview.csp-vidm-prod.com/oauth/authorize?idp_id=00a291e5-e699-40a3-94ba-fc80b697f486&response_type=code&login_hint=cspperf_user20002@cspperf.com&client_id=csp_stg_pkce_portal_client_id&redirect_uri=https://console-stg.cloud.company.com/csp/gateway/portal&state=test.&code_challenge=cBZw9tHX70f_yTzYw9pgNnS5UGcmELpqM2wk_h1ZY-c&code_challenge_method=S256&context_id=e759d7ca-3e8a-4b91-9826-017f80bb1c92
[29-11-2022 06:54:29 PM] [DEBUG] [csp_ui_workflow_simulation_Token.py] [process_user_information] [pid=34934] [749]: processing failed for user=cspperf_user20002@cspperf.com
[29-11-2022 06:54:32 PM] [DEBUG] [csp_ui_workflow_simulation_Token.py] [update_access_token] [pid=35170] [147]: fetching access_token for CSP API calls
[29-11-2022 06:54:33 PM] [INFO] [csp_ui_workflow_simulation_Token.py] [main] [pid=35170] [781]: Script start time: 2022-11-29 18:54:33.369941+00:00
[29-11-2022 06:54:33 PM] [DEBUG] [csp_ui_workflow_simulation_Token.py] [process_user_information] [pid=35170] [749]: processing user={'orgId': 'e345df99-cdbd-4b6a-b6c3-cc33ea2fc35c', 'user': 'cspperf_user20002@cspperf.com', 'userId': 'preview_companyid:f2e5c5b9-7f5d-43b9-aed2-5da3c965347f', 'acct': 'cspperf_user20002@cspperf.com', 'refreshToken': 'qlqUAUWV2rqHWxnuyFOCKwROhxxBM9n8GCXhu5OQ1VNbTI9HgNSzvGvzAZhN6xBR', 'password': 'Test@123', 'clientId': 'null', 'status': None}
[29-11-2022 06:54:34 PM] [DEBUG] [csp_ui_workflow_simulation_Token.py] [get_idp_login_url] [pid=35170] [570]: idp_login_url=https://gaz-preview.csp-vidm-prod.com/oauth/authorize?idp_id=00a291e5-e699-40a3-94ba-fc80b697f486&response_type=code&login_hint=cspperf_user20002@cspperf.com&client_id=csp_stg_pkce_portal_client_id&redirect_uri=https://console-stg.cloud.company.com/csp/gateway/portal&state=test.&code_challenge=J8B8-HeDjXTiUbeS2-K2Qg56rA3LPXQSZgMc3EeDV-E&code_challenge_method=S256&context_id=e759d7ca-3e8a-4b91-9826-017f80bb1c92
[29-11-2022 06:56:46 PM] [DEBUG] [csp_ui_workflow_simulation_Token.py] [process_user_information] [pid=35170] [750]: processing failed for user=cspperf_user20002@cspperf.com
[29-11-2022 06:56:47 PM] [DEBUG] [csp_ui_workflow_simulation_Token.py] [update_access_token] [pid=35236] [147]: fetching access_token for CSP API calls
[29-11-2022 06:56:48 PM] [INFO] [csp_ui_workflow_simulation_Token.py] [main] [pid=35236] [781]: Script start time: 2022-11-29 18:56:48.306223+00:00
[29-11-2022 06:56:48 PM] [DEBUG] [csp_ui_workflow_simulation_Token.py] [process_user_information] [pid=35236] [749]: processing user={'orgId': 'e345df99-cdbd-4b6a-b6c3-cc33ea2fc35c', 'user': 'cspperf_user20002@cspperf.com', 'userId': 'preview_companyid:f2e5c5b9-7f5d-43b9-aed2-5da3c965347f', 'acct': 'cspperf_user20002@cspperf.com', 'refreshToken': 'qlqUAUWV2rqHWxnuyFOCKwROhxxBM9n8GCXhu5OQ1VNbTI9HgNSzvGvzAZhN6xBR', 'password': 'Test@123', 'clientId': 'null', 'status': None}
[29-11-2022 06:56:48 PM] [DEBUG] [csp_ui_workflow_simulation_Token.py] [get_idp_login_url] [pid=35236] [570]: idp_login_url=https://gaz-preview.csp-vidm-prod.com/oauth/authorize?idp_id=00a291e5-e699-40a3-94ba-fc80b697f486&response_type=code&login_hint=cspperf_user20002@cspperf.com&client_id=csp_stg_pkce_portal_client_id&redirect_uri=https://console-stg.cloud.company.com/csp/gateway/portal&state=test.&code_challenge=4ta4sqj1bC-ixoL7doDGrHRpCLlkuUuLdf4DQGBPJSs&code_challenge_method=S256&context_id=e759d7ca-3e8a-4b91-9826-017f80bb1c92
[30-11-2022 04:47:40 AM] [DEBUG] [csp_ui_workflow_simulation_Token.py] [process_user_information] [pid=35236] [750]: processing failed for user=cspperf_user20002@cspperf.com
[30-11-2022 04:47:42 AM] [DEBUG] [csp_ui_workflow_simulation_Token.py] [update_access_token] [pid=51159] [147]: fetching access_token for CSP API calls
[30-11-2022 04:47:43 AM] [INFO] [csp_ui_workflow_simulation_Token.py] [main] [pid=51159] [781]: Script start time: 2022-11-30 04:47:43.458176+00:00
[30-11-2022 04:47:43 AM] [DEBUG] [csp_ui_workflow_simulation_Token.py] [process_user_information] [pid=51159] [749]: processing user={'orgId': 'e345df99-cdbd-4b6a-b6c3-cc33ea2fc35c', 'user': 'cspperf_user20002@cspperf.com', 'userId': 'preview_companyid:f2e5c5b9-7f5d-43b9-aed2-5da3c965347f', 'acct': 'cspperf_user20002@cspperf.com', 'refreshToken': 'qlqUAUWV2rqHWxnuyFOCKwROhxxBM9n8GCXhu5OQ1VNbTI9HgNSzvGvzAZhN6xBR', 'password': 'Test@123', 'clientId': 'null', 'status': None}
[30-11-2022 04:47:44 AM] [DEBUG] [csp_ui_workflow_simulation_Token.py] [get_idp_login_url] [pid=51159] [570]: idp_login_url=https://gaz-preview.csp-vidm-prod.com/oauth/authorize?idp_id=00a291e5-e699-40a3-94ba-fc80b697f486&response_type=code&login_hint=cspperf_user20002@cspperf.com&client_id=csp_stg_pkce_portal_client_id&redirect_uri=https://console-stg.cloud.company.com/csp/gateway/portal&state=test.&code_challenge=7vHKqCyN7P3T51nk8A3Li16a0e-3LAiyzJAuF-9W3gI&code_challenge_method=S256&context_id=e759d7ca-3e8a-4b91-9826-017f80bb1c92
[30-11-2022 05:32:00 AM] [DEBUG] [csp_ui_workflow_simulation_Token.py] [process_user_information] [pid=51159] [750]: processing failed for user=cspperf_user20002@cspperf.com
[30-11-2022 05:32:01 AM] [DEBUG] [csp_ui_workflow_simulation_Token.py] [update_access_token] [pid=63799] [147]: fetching access_token for CSP API calls
[30-11-2022 05:32:02 AM] [INFO] [csp_ui_workflow_simulation_Token.py] [main] [pid=63799] [791]: Script start time: 2022-11-30 05:32:02.559719+00:00
[30-11-2022 05:32:02 AM] [DEBUG] [csp_ui_workflow_simulation_Token.py] [process_user_information] [pid=63799] [759]: processing user={'orgId': 'e345df99-cdbd-4b6a-b6c3-cc33ea2fc35c', 'user': 'cspperf_user20002@cspperf.com', 'userId': 'preview_companyid:f2e5c5b9-7f5d-43b9-aed2-5da3c965347f', 'acct': 'cspperf_user20002@cspperf.com', 'refreshToken': 'qlqUAUWV2rqHWxnuyFOCKwROhxxBM9n8GCXhu5OQ1VNbTI9HgNSzvGvzAZhN6xBR', 'password': 'Test@123', 'clientId': 'null', 'status': None}
[30-11-2022 05:32:03 AM] [DEBUG] [csp_ui_workflow_simulation_Token.py] [get_idp_login_url] [pid=63799] [580]: idp_login_url=https://gaz-preview.csp-vidm-prod.com/oauth/authorize?idp_id=00a291e5-e699-40a3-94ba-fc80b697f486&response_type=code&login_hint=cspperf_user20002@cspperf.com&client_id=csp_stg_pkce_portal_client_id&redirect_uri=https://console-stg.cloud.company.com/csp/gateway/portal&state=test.&code_challenge=2srqYUwNsNSujSMnZVbcwm8jP1HiR47L0GElfZ3XHd0&code_challenge_method=S256&context_id=e759d7ca-3e8a-4b91-9826-017f80bb1c92
[30-11-2022 05:51:10 AM] [DEBUG] [csp_ui_workflow_simulation_Token.py] [process_user_information] [pid=63799] [760]: processing failed for user=cspperf_user20002@cspperf.com
[30-11-2022 05:51:11 AM] [DEBUG] [csp_ui_workflow_simulation_Token.py] [update_access_token] [pid=69175] [147]: fetching access_token for CSP API calls
[30-11-2022 05:51:12 AM] [INFO] [csp_ui_workflow_simulation_Token.py] [main] [pid=69175] [792]: Script start time: 2022-11-30 05:51:12.649980+00:00
[30-11-2022 05:51:12 AM] [DEBUG] [csp_ui_workflow_simulation_Token.py] [process_user_information] [pid=69175] [760]: processing user={'orgId': 'e345df99-cdbd-4b6a-b6c3-cc33ea2fc35c', 'user': 'cspperf_user20002@cspperf.com', 'userId': 'preview_companyid:f2e5c5b9-7f5d-43b9-aed2-5da3c965347f', 'acct': 'cspperf_user20002@cspperf.com', 'refreshToken': 'qlqUAUWV2rqHWxnuyFOCKwROhxxBM9n8GCXhu5OQ1VNbTI9HgNSzvGvzAZhN6xBR', 'password': 'Test@123', 'clientId': 'null', 'status': None}
[30-11-2022 05:51:13 AM] [DEBUG] [csp_ui_workflow_simulation_Token.py] [get_idp_login_url] [pid=69175] [581]: idp_login_url=https://gaz-preview.csp-vidm-prod.com/oauth/authorize?idp_id=00a291e5-e699-40a3-94ba-fc80b697f486&response_type=code&login_hint=cspperf_user20002@cspperf.com&client_id=csp_stg_pkce_portal_client_id&redirect_uri=https://console-stg.cloud.company.com/csp/gateway/portal&state=test.&code_challenge=ogpBqd8GW-idSgq1_y8hw6-cN-_4j3IAC2zCkw7eURk&code_challenge_method=S256&context_id=e759d7ca-3e8a-4b91-9826-017f80bb1c92
[30-11-2022 05:52:32 AM] [DEBUG] [csp_ui_workflow_simulation_Token.py] [generate_auth_token] [pid=69175] [669]: csp_authorize_uri=https://console-stg.cloud.company.com/csp/gateway/am/api/auth/authorize?grant_type=authorization_code&client_id=csp_stg_pkce_portal_client_id&redirect_uri=https%3A%2F%2Fconsole-stg.cloud.company.com%2Fcsp%2Fgateway%2Fportal&code=GY-yTEQT68-MXEobZ1Fn8F-pthd1MPVW&code_verifier=NPRJWjaEskVpRZgcB7V5X0hoP9FQTpzBEI7p5T0nBTq
[30-11-2022 05:52:59 AM] [INFO] [csp_ui_workflow_simulation_Token.py] [process_user_information] [pid=69175] [764]: fetched_access_token=eyJhbGciOiJSUzI1NiIsInR5cCI6IkpXVCIsImtpZCI6InNpZ25pbmdfMiJ9.eyJzdWIiOiIwMGEyOTFlNS1lNjk5LTQwYTMtOTRiYS1mYzgwYjY5N2Y0ODY6ZTYwMDU2NWQtNjA0YS00YTYwLTkyMGYtOThlNTg3ZjI2MTY3IiwiaXNzIjoiaHR0cHM6Ly9nYXotcHJldmlldy5jc3AtdmlkbS1wcm9kLmNvbSIsImNvbnRleHRfbmFtZSI6IjE0NGY3MzdhLTE5ZmEtNDE3NS04NDJhLWMxOTk2OThjNTJlNiIsImF6cCI6ImNzcF9zdGdfcGtjZV9wb3J0YWxfY2xpZW50X2lkIiwiYXV0aG9yaXphdGlvbl9kZXRhaWxzIjpbXSwiZG9tYWluIjoiY3NwcGVyZi5jb20iLCJjb250ZXh0IjoiZTc1OWQ3Y2EtM2U4YS00YjkxLTk4MjYtMDE3ZjgwYmIxYzkyIiwicGVybXMiOlsiY3NwOm9yZ19vd25lciIsImNzcDpvcmdfbWVtYmVyIl0sImV4cCI6MTY2OTc4OTM2MywiaWF0IjoxNjY5Nzg3NTYzLCJqdGkiOiIzNmY1YmJkZS00NDQ0LTQwZTQtOTkxNy03MTgyNWQwMjNiMDciLCJhY2N0IjoiY3NwcGVyZl91c2VyMjAwMDJAY3NwcGVyZi5jb20iLCJ1c2VybmFtZSI6ImNzcHBlcmZfdXNlcjIwMDAyIn0.Y7jhiIUh_ScnpR7p6lCqpsOgs-mi09OGjJuyiS9zXj4ZYX01bvOPFLcFanreS3IxXpU9aTcb-KSVNC8FMs3UtkJAXhoQ_w80lfxezMpD8OE1zUi8ezvrxbs2ihhY7MWJFjSgDjxP_r8bYU8YRf32xnnDsPBzLC7n3kmnsLn29ZdFezPZ9jb-GD1wK1DsgpyvhlCsr-U48PDrjIhHavCbBGmzHIPT1pPPDIejEu_eX5IwOyytLf8_vyVFlZjXo-kik7rqrLVqhF0fHrAAljL5b7JwlbPtsogFNoH9sq4vq-R47Y9EGXsIWjyp5kWtq_kM7B6aG91YHxHfyBVijm5Afg
[30-11-2022 05:53:09 AM] [INFO] [csp_ui_workflow_simulation_Token.py] [main] [pid=69175] [816]: Script end time: 2022-11-30 05:53:09.578268+00:00
[30-11-2022 06:50:19 AM] [DEBUG] [csp_ui_workflow_simulation_Token.py] [update_access_token] [pid=88229] [146]: fetching access_token for CSP API calls
[30-11-2022 06:50:19 AM] [INFO] [csp_ui_workflow_simulation_Token.py] [main] [pid=88229] [718]: Script start time: 2022-11-30 06:50:19.750375+00:00
[30-11-2022 06:50:19 AM] [DEBUG] [csp_ui_workflow_simulation_Token.py] [process_user_information] [pid=88229] [686]: processing user={'orgId': '144f737a-19fa-4175-842a-c199698c52e6', 'user': 'cspperf_user20002@cspperf.com', 'userId': '00a291e5-e699-40a3-94ba-fc80b697f486:e600565d-604a-4a60-920f-98e587f26167', 'acct': 'cspperf_user20002@cspperf.com', 'refreshToken': 'qlqUAUWV2rqHWxnuyFOCKwROhxxBM9n8GCXhu5OQ1VNbTI9HgNSzvGvzAZhN6xBR', 'password': 'Test@123', 'clientId': 'null', 'status': 'PASS'}
[30-11-2022 06:50:20 AM] [DEBUG] [csp_ui_workflow_simulation_Token.py] [get_idp_login_url] [pid=88229] [507]: idp_login_url=https://gaz-preview.csp-vidm-prod.com/oauth/authorize?idp_id=00a291e5-e699-40a3-94ba-fc80b697f486&response_type=code&login_hint=cspperf_user20002@cspperf.com&client_id=csp_stg_pkce_portal_client_id&redirect_uri=https://console-stg.cloud.company.com/csp/gateway/portal&state=test.&code_challenge=7gKhBGCJX1dEg8-unnRqskp8hdpgw50HZBKmQtcqiqA&code_challenge_method=S256&context_id=e759d7ca-3e8a-4b91-9826-017f80bb1c92
[30-11-2022 06:50:28 AM] [DEBUG] [csp_ui_workflow_simulation_Token.py] [generate_auth_token] [pid=88229] [595]: csp_authorize_uri=https://console-stg.cloud.company.com/csp/gateway/am/api/auth/authorize?grant_type=authorization_code&client_id=csp_stg_pkce_portal_client_id&redirect_uri=https%3A%2F%2Fconsole-stg.cloud.company.com%2Fcsp%2Fgateway%2Fportal&code=RE6RRbJA2otow3PVxK5P6-Am1jxbIrlI&code_verifier=pFhasv40GMANKVy6n1TEEKZA44mwwzYwBvjI1WJsv_u
[30-11-2022 06:50:28 AM] [INFO] [csp_ui_workflow_simulation_Token.py] [process_user_information] [pid=88229] [690]: fetched_access_token=eyJhbGciOiJSUzI1NiIsInR5cCI6IkpXVCIsImtpZCI6InNpZ25pbmdfMiJ9.eyJzdWIiOiIwMGEyOTFlNS1lNjk5LTQwYTMtOTRiYS1mYzgwYjY5N2Y0ODY6ZTYwMDU2NWQtNjA0YS00YTYwLTkyMGYtOThlNTg3ZjI2MTY3IiwiaXNzIjoiaHR0cHM6Ly9nYXotcHJldmlldy5jc3AtdmlkbS1wcm9kLmNvbSIsImNvbnRleHRfbmFtZSI6IjE0NGY3MzdhLTE5ZmEtNDE3NS04NDJhLWMxOTk2OThjNTJlNiIsImF6cCI6ImNzcF9zdGdfcGtjZV9wb3J0YWxfY2xpZW50X2lkIiwiYXV0aG9yaXphdGlvbl9kZXRhaWxzIjpbXSwiZG9tYWluIjoiY3NwcGVyZi5jb20iLCJjb250ZXh0IjoiZTc1OWQ3Y2EtM2U4YS00YjkxLTk4MjYtMDE3ZjgwYmIxYzkyIiwicGVybXMiOlsiY3NwOm9yZ19vd25lciIsImNzcDpvcmdfbWVtYmVyIl0sImV4cCI6MTY2OTc5MjgyOCwiaWF0IjoxNjY5NzkxMDI4LCJqdGkiOiI4MzE5Y2IwMC1jN2JlLTRmMGMtYTA2NS03NjNkNTcyY2EwYWMiLCJhY2N0IjoiY3NwcGVyZl91c2VyMjAwMDJAY3NwcGVyZi5jb20iLCJ1c2VybmFtZSI6ImNzcHBlcmZfdXNlcjIwMDAyIn0.dKM-SAkrCKKR_obzlKzR2lasCt937qcPWH6LRS8kmN2MxccQakOK_e5knC3p0TUcTnKZ_jBFyZM1ILuQVXaJgc5LdCVE7aauONdGE7N8Q3kGgtKWf9xDPraA07SckRBzAk9Vgctv5qXvVcS1G91KESvRaLKHWHMm6JTZjyjuZ450uKxIO-C7rDkh80jG6MW2pdcc1oDIkZYUbmxr1JwdHXCq2_P5nwuyoHJCNrM79Sh74iNduupc1ZNUlf4RhuPZkvKJrnOLRSub8O3QihpxuIkhNrNspN-Uuk9V_OUASCXlzbSP2Lndd3BxGHuuTXOPK05AupOsriRFe_-TIq_7pw
[30-11-2022 06:50:32 AM] [INFO] [csp_ui_workflow_simulation_Token.py] [process_user_information] [pid=88229] [696]: new_api_token=hzvC1dnnrs9Ok5W6k8CSvaQxflfEnazJ6KoueHbF57aU8QIm9P-6EQP6vYSa609i
[30-11-2022 06:50:32 AM] [DEBUG] [csp_ui_workflow_simulation_Token.py] [process_user_information] [pid=88229] [700]: processing done for user=cspperf_user20002@cspperf.com
[30-11-2022 06:50:32 AM] [INFO] [csp_ui_workflow_simulation_Token.py] [main] [pid=88229] [742]: Script end time: 2022-11-30 06:50:32.802684+00:00
[30-11-2022 06:53:57 AM] [DEBUG] [csp_ui_workflow_simulation_Token.py] [update_access_token] [pid=90102] [147]: fetching access_token for CSP API calls
[30-11-2022 06:53:58 AM] [INFO] [csp_ui_workflow_simulation_Token.py] [main] [pid=90102] [719]: Script start time: 2022-11-30 06:53:58.072745+00:00
[30-11-2022 06:53:58 AM] [DEBUG] [csp_ui_workflow_simulation_Token.py] [process_user_information] [pid=90131] [687]: processing user={'orgId': '144f737a-19fa-4175-842a-c199698c52e6', 'user': 'cspperf_user20002@cspperf.com', 'userId': '00a291e5-e699-40a3-94ba-fc80b697f486:e600565d-604a-4a60-920f-98e587f26167', 'acct': 'cspperf_user20002@cspperf.com', 'refreshToken': 'qlqUAUWV2rqHWxnuyFOCKwROhxxBM9n8GCXhu5OQ1VNbTI9HgNSzvGvzAZhN6xBR', 'password': 'Test@123', 'clientId': 'null', 'status': 'PASS'}
[30-11-2022 06:53:59 AM] [DEBUG] [csp_ui_workflow_simulation_Token.py] [get_idp_login_url] [pid=90131] [508]: idp_login_url=https://gaz-preview.csp-vidm-prod.com/oauth/authorize?idp_id=00a291e5-e699-40a3-94ba-fc80b697f486&response_type=code&login_hint=cspperf_user20002@cspperf.com&client_id=csp_stg_pkce_portal_client_id&redirect_uri=https://console-stg.cloud.company.com/csp/gateway/portal&state=test.&code_challenge=NX1QG4sajTrOoONSb2-gINle_iHqB089HoqI6tiD0A8&code_challenge_method=S256&context_id=e759d7ca-3e8a-4b91-9826-017f80bb1c92
[30-11-2022 06:54:06 AM] [DEBUG] [csp_ui_workflow_simulation_Token.py] [generate_auth_token] [pid=90131] [596]: csp_authorize_uri=https://console-stg.cloud.company.com/csp/gateway/am/api/auth/authorize?grant_type=authorization_code&client_id=csp_stg_pkce_portal_client_id&redirect_uri=https%3A%2F%2Fconsole-stg.cloud.company.com%2Fcsp%2Fgateway%2Fportal&code=w8p7HlDZI5LAC1IgO6uph5VuifaIW-Ls&code_verifier=iMaVPVYhbVZgRmp_eGsvKpaf8uczLWLPgItdSi4_HFV
[30-11-2022 06:54:07 AM] [INFO] [csp_ui_workflow_simulation_Token.py] [process_user_information] [pid=90131] [691]: fetched_access_token=eyJhbGciOiJSUzI1NiIsInR5cCI6IkpXVCIsImtpZCI6InNpZ25pbmdfMiJ9.eyJzdWIiOiIwMGEyOTFlNS1lNjk5LTQwYTMtOTRiYS1mYzgwYjY5N2Y0ODY6ZTYwMDU2NWQtNjA0YS00YTYwLTkyMGYtOThlNTg3ZjI2MTY3IiwiaXNzIjoiaHR0cHM6Ly9nYXotcHJldmlldy5jc3AtdmlkbS1wcm9kLmNvbSIsImNvbnRleHRfbmFtZSI6IjE0NGY3MzdhLTE5ZmEtNDE3NS04NDJhLWMxOTk2OThjNTJlNiIsImF6cCI6ImNzcF9zdGdfcGtjZV9wb3J0YWxfY2xpZW50X2lkIiwiYXV0aG9yaXphdGlvbl9kZXRhaWxzIjpbXSwiZG9tYWluIjoiY3NwcGVyZi5jb20iLCJjb250ZXh0IjoiZTc1OWQ3Y2EtM2U4YS00YjkxLTk4MjYtMDE3ZjgwYmIxYzkyIiwicGVybXMiOlsiY3NwOm9yZ19vd25lciIsImNzcDpvcmdfbWVtYmVyIl0sImV4cCI6MTY2OTc5MzA0NiwiaWF0IjoxNjY5NzkxMjQ2LCJqdGkiOiI0NGQ1ODRjNy1lYmYwLTRlODktYWY0Ny0zNTZjYjdlYTBmMDUiLCJhY2N0IjoiY3NwcGVyZl91c2VyMjAwMDJAY3NwcGVyZi5jb20iLCJ1c2VybmFtZSI6ImNzcHBlcmZfdXNlcjIwMDAyIn0.WjdBNHM8d7ujGwtD-deNxS933iTkAPwtsJ5sI67tk3LwsZToZhtynTM9Ius7dBwOtXMOBZTA3A72L-SLb2Y7MgxUfAihGvrRdt6UFZyaaPtDkPVOyfZdypqBekgbXAULHNHixpccJlRMqlMAtLhnXc3cC-Zs9pi9YIYdTKWJKhK7Dyfe6NdlA9kIwWr-ZCE6ccM8Drsf3dOGfDmYXYPVVQ0Z8YSuxLDOm2jGFJ_OcZuxi8dHGTSAvegvYDzM6EDr8NlqkSzSLkOA0MCkNKhqCzafcp80xe0MDTLLgzbt1R8XRU-fYYetzmS1wwqZwM7luy6ORMumtav9Jse--qrjrg
[30-11-2022 06:54:10 AM] [INFO] [csp_ui_workflow_simulation_Token.py] [process_user_information] [pid=90131] [697]: new_api_token=u_lrwbSJiEQFWI15lhVSlOA784-k_HWFDy4GVlokcau6-35uBvNoiC-j-gcR2wOp
[30-11-2022 06:54:10 AM] [DEBUG] [csp_ui_workflow_simulation_Token.py] [process_user_information] [pid=90131] [701]: processing done for user=cspperf_user20002@cspperf.com
[30-11-2022 06:54:10 AM] [INFO] [csp_ui_workflow_simulation_Token.py] [main] [pid=90102] [743]: Script end time: 2022-11-30 06:54:10.917823+00:00
[30-11-2022 08:39:39 AM] [DEBUG] [csp_ui_workflow_simulation_Token.py] [update_access_token] [pid=14485] [147]: fetching access_token for CSP API calls
[30-11-2022 08:39:40 AM] [INFO] [csp_ui_workflow_simulation_Token.py] [main] [pid=14485] [723]: Script start time: 2022-11-30 08:39:40.435584+00:00
[30-11-2022 08:39:40 AM] [DEBUG] [csp_ui_workflow_simulation_Token.py] [process_user_information] [pid=14485] [691]: processing user={'orgId': '31d4d40c-718d-4f77-a9fc-0f2f9b0305d5', 'user': 'cspperf_user20002@cspperf.com', 'userId': '1a70e723-017c-463f-8060-c23238e1df09:cf176391-1cf5-4898-9739-e5940d861526', 'acct': 'cspperf_user20002@cspperf.com', 'refreshToken': 'qlqUAUWV2rqHWxnuyFOCKwROhxxBM9n8GCXhu5OQ1VNbTI9HgNSzvGvzAZhN6xBR', 'password': 'Test@123', 'clientId': 'null', 'status': 'PASS'}
[30-11-2022 08:39:41 AM] [DEBUG] [csp_ui_workflow_simulation_Token.py] [get_idp_login_url] [pid=14485] [512]: idp_login_url=https://gaz-preview.csp-vidm-prod.com/oauth/authorize?idp_id=00a291e5-e699-40a3-94ba-fc80b697f486&response_type=code&login_hint=cspperf_user20002@cspperf.com&client_id=csp_stg_pkce_portal_client_id&redirect_uri=https://console-stg.cloud.company.com/csp/gateway/portal&state=test.&code_challenge=u4vtn7A5lyQnHWCEYiqhT_wnmZutzN_lNHGspqfXJM8&code_challenge_method=S256&context_id=e759d7ca-3e8a-4b91-9826-017f80bb1c92
[30-11-2022 08:49:45 AM] [DEBUG] [csp_ui_workflow_simulation_Token.py] [process_user_information] [pid=14485] [692]: processing failed for user=cspperf_user20002@cspperf.com
[30-11-2022 08:50:22 AM] [DEBUG] [csp_ui_workflow_simulation_Token.py] [update_access_token] [pid=18987] [147]: fetching access_token for CSP API calls
[30-11-2022 08:50:22 AM] [INFO] [csp_ui_workflow_simulation_Token.py] [main] [pid=18987] [732]: Script start time: 2022-11-30 08:50:22.800508+00:00
[30-11-2022 08:50:22 AM] [DEBUG] [csp_ui_workflow_simulation_Token.py] [process_user_information] [pid=18987] [700]: processing user={'orgId': '31d4d40c-718d-4f77-a9fc-0f2f9b0305d5', 'user': 'cspperf_user20002@cspperf.com', 'userId': '1a70e723-017c-463f-8060-c23238e1df09:cf176391-1cf5-4898-9739-e5940d861526', 'acct': 'cspperf_user20002@cspperf.com', 'refreshToken': 'qlqUAUWV2rqHWxnuyFOCKwROhxxBM9n8GCXhu5OQ1VNbTI9HgNSzvGvzAZhN6xBR', 'password': 'Test@123', 'clientId': 'null', 'status': 'PASS'}
[30-11-2022 08:50:23 AM] [DEBUG] [csp_ui_workflow_simulation_Token.py] [get_idp_login_url] [pid=18987] [520]: idp_login_url=https://gaz-preview.csp-vidm-prod.com/oauth/authorize?idp_id=00a291e5-e699-40a3-94ba-fc80b697f486&response_type=code&login_hint=cspperf_user20002@cspperf.com&client_id=csp_stg_pkce_portal_client_id&redirect_uri=https://console-stg.cloud.company.com/csp/gateway/portal&state=test.&code_challenge=lt38jxHKzqE_MUx4axarm9UUPuzRaNdSWEgAYQytzqs&code_challenge_method=S256&context_id=e759d7ca-3e8a-4b91-9826-017f80bb1c92
[30-11-2022 08:50:41 AM] [DEBUG] [csp_ui_workflow_simulation_Token.py] [process_user_information] [pid=18987] [701]: processing failed for user=cspperf_user20002@cspperf.com
[30-11-2022 08:51:18 AM] [DEBUG] [csp_ui_workflow_simulation_Token.py] [update_access_token] [pid=19007] [147]: fetching access_token for CSP API calls
[30-11-2022 08:51:19 AM] [INFO] [csp_ui_workflow_simulation_Token.py] [main] [pid=19007] [732]: Script start time: 2022-11-30 08:51:19.520619+00:00
[30-11-2022 08:51:19 AM] [DEBUG] [csp_ui_workflow_simulation_Token.py] [process_user_information] [pid=19007] [700]: processing user={'orgId': '31d4d40c-718d-4f77-a9fc-0f2f9b0305d5', 'user': 'cspperf_user20002@cspperf.com', 'userId': '1a70e723-017c-463f-8060-c23238e1df09:cf176391-1cf5-4898-9739-e5940d861526', 'acct': 'cspperf_user20002@cspperf.com', 'refreshToken': 'qlqUAUWV2rqHWxnuyFOCKwROhxxBM9n8GCXhu5OQ1VNbTI9HgNSzvGvzAZhN6xBR', 'password': 'Test@123', 'clientId': 'null', 'status': 'PASS'}
[30-11-2022 08:51:20 AM] [DEBUG] [csp_ui_workflow_simulation_Token.py] [get_idp_login_url] [pid=19007] [520]: idp_login_url=https://csp-preview.gaz-dev.csp-vidm-prod.com/oauth/authorize?idp_id=1a70e723-017c-463f-8060-c23238e1df09&response_type=code&login_hint=cspperf_user20002@cspperf.com&client_id=csp_preview_pkce_portal_client_id&redirect_uri=https://console-preview.cloud.company.com/csp/gateway/portal&state=test.&code_challenge=5ku9qTDKq04V89HQMSDP87hcr7aXejLwS30pl_XT1MQ&code_challenge_method=S256&context_id=1d257600-d91d-4c2e-b252-7762a73dd5cf
[30-11-2022 08:51:46 AM] [DEBUG] [csp_ui_workflow_simulation_Token.py] [generate_auth_token] [pid=19007] [571]: csp_authorize_uri=https://console-preview.cloud.company.com/csp/gateway/am/api/auth/authorize?grant_type=authorization_code&client_id=csp_gaz_pkce_portal_client_id&redirect_uri=https%3A%2F%2Fconsole-preview.cloud.company.com%2Fcsp%2Fgateway%2Fportal&code=Amb7-h87C3dmIQ8JOqjVvzuZv8bJRUkV&code_verifier=waNOnuaC-hhKjtkwjwfnjM-Gk3w9P8HNLAZieNAFqAt
[30-11-2022 08:51:47 AM] [INFO] [csp_ui_workflow_simulation_Token.py] [process_user_information] [pid=19007] [704]: fetched_access_token=eyJhbGciOiJSUzI1NiIsInR5cCI6IkpXVCIsImtpZCI6InNpZ25pbmdfMiJ9.eyJzdWIiOiIxYTcwZTcyMy0wMTdjLTQ2M2YtODA2MC1jMjMyMzhlMWRmMDk6Y2YxNzYzOTEtMWNmNS00ODk4LTk3MzktZTU5NDBkODYxNTI2IiwiaXNzIjoiaHR0cHM6Ly9jc3AtcHJldmlldy5nYXotZGV2LmNzcC12aWRtLXByb2QuY29tIiwiY29udGV4dF9uYW1lIjoiMzFkNGQ0MGMtNzE4ZC00Zjc3LWE5ZmMtMGYyZjliMDMwNWQ1IiwiYXpwIjoiY3NwX3ByZXZpZXdfcGtjZV9wb3J0YWxfY2xpZW50X2lkIiwiYXV0aG9yaXphdGlvbl9kZXRhaWxzIjpbXSwiZG9tYWluIjoiY3NwcGVyZi5jb20iLCJjb250ZXh0IjoiMWQyNTc2MDAtZDkxZC00YzJlLWIyNTItNzc2MmE3M2RkNWNmIiwicGVybXMiOlsiY3NwOm9yZ19tZW1iZXIiXSwiZXhwIjoxNjY5ODAwMTA3LCJpYXQiOjE2Njk3OTgzMDcsImp0aSI6IjZhZWJlMjZiLTRjOGEtNDE3OS1hNTY3LWNhYjBjYjc3MDcwNCIsImFjY3QiOiJjc3BwZXJmX3VzZXIyMDAwMkBjc3BwZXJmLmNvbSIsInVzZXJuYW1lIjoiY3NwcGVyZl91c2VyMjAwMDIifQ.AIBhCZD4G2E0PIQSht9Rgq-aNt3OpyY32QocSV_XEi6L5Q6WpGuerTYoB7op7keUu6IH0IRxfHT_mUKXLOwTZG7TEeHslaPb37t26qMeUH6-Nke3hjd2HiAsFRJXvmGNaQ5wFI2Xrgz2yzWsoxQPTl3NGgNL4X70ScckyBF9bcOyqHKE0CC_cxyuce4Kcvk6J14Xo_-6i16tb94rk7j0ELQc0r_HHadfqcVUCcTxGHb_cYe8h_aW4CNd7kZFPiO8jWnxmon4wd3jkkUtqMphL_2M1tWLVv7tm2HaA1T6kyoSy9zc00rWLkvkJ9tsgQ4Pt91NUPvCLl14PCFxcupJkg
[30-11-2022 08:51:53 AM] [INFO] [csp_ui_workflow_simulation_Token.py] [process_user_information] [pid=19007] [710]: new_api_token=FE1Q1MFDttEhn3sNN5n2ZeOHod9cXASvu5zXTh6USExYdg7AC7V9WeYGTV1ufdwG
[30-11-2022 08:51:53 AM] [DEBUG] [csp_ui_workflow_simulation_Token.py] [process_user_information] [pid=19007] [714]: processing done for user=cspperf_user20002@cspperf.com
[30-11-2022 08:51:53 AM] [INFO] [csp_ui_workflow_simulation_Token.py] [main] [pid=19007] [756]: Script end time: 2022-11-30 08:51:53.602859+00:00
[30-11-2022 08:52:13 AM] [DEBUG] [csp_ui_workflow_simulation_Token.py] [update_access_token] [pid=19038] [147]: fetching access_token for CSP API calls
[30-11-2022 08:52:14 AM] [INFO] [csp_ui_workflow_simulation_Token.py] [main] [pid=19038] [732]: Script start time: 2022-11-30 08:52:14.833984+00:00
[30-11-2022 08:52:15 AM] [DEBUG] [csp_ui_workflow_simulation_Token.py] [process_user_information] [pid=19042] [700]: processing user={'orgId': '31d4d40c-718d-4f77-a9fc-0f2f9b0305d5', 'user': 'cspperf_user20002@cspperf.com', 'userId': '1a70e723-017c-463f-8060-c23238e1df09:cf176391-1cf5-4898-9739-e5940d861526', 'acct': 'cspperf_user20002@cspperf.com', 'refreshToken': 'qlqUAUWV2rqHWxnuyFOCKwROhxxBM9n8GCXhu5OQ1VNbTI9HgNSzvGvzAZhN6xBR', 'password': 'Test@123', 'clientId': 'null', 'status': 'PASS'}
[30-11-2022 08:52:16 AM] [DEBUG] [csp_ui_workflow_simulation_Token.py] [get_idp_login_url] [pid=19042] [520]: idp_login_url=https://csp-preview.gaz-dev.csp-vidm-prod.com/oauth/authorize?idp_id=1a70e723-017c-463f-8060-c23238e1df09&response_type=code&login_hint=cspperf_user20002@cspperf.com&client_id=csp_preview_pkce_portal_client_id&redirect_uri=https://console-preview.cloud.company.com/csp/gateway/portal&state=test.&code_challenge=XS0-ykwGg1mMGC-vpK5Vrwug4ygwsCMmP_7ZohFAukg&code_challenge_method=S256&context_id=1d257600-d91d-4c2e-b252-7762a73dd5cf
[30-11-2022 08:52:23 AM] [DEBUG] [csp_ui_workflow_simulation_Token.py] [process_user_information] [pid=19042] [701]: processing failed for user=cspperf_user20002@cspperf.com
[30-11-2022 08:52:23 AM] [ERROR] [csp_ui_workflow_simulation_Token.py] [main] [pid=19038] [749]: 
concurrent.futures.process._RemoteTraceback: 
"""
Traceback (most recent call last):
  File "/Library/Developer/CommandLineTools/Library/Frameworks/Python3.framework/Versions/3.9/lib/python3.9/concurrent/futures/process.py", line 243, in _process_worker
    r = call_item.fn(*call_item.args, **call_item.kwargs)
  File "/Users/mtarun/OneDrive_company_Inc/company/code/mangle-yaan-service/src/utilities/csp_ui_workflow_simulation_Token.py", line 701, in process_user_information
    fetched_access_token = ui_flow.generate_auth_token(
  File "/Users/mtarun/OneDrive_company_Inc/company/code/mangle-yaan-service/src/utilities/csp_ui_workflow_simulation_Token.py", line 571, in generate_auth_token
    if csp_url in resp.url:
  File "/Users/mtarun/OneDrive_company_Inc/company/code/mangle-yaan-service/src/utilities/csp_ui_workflow_simulation_Token.py", line 571, in generate_auth_token
    if csp_url in resp.url:
  File "/Library/Developer/CommandLineTools/Library/Frameworks/Python3.framework/Versions/3.9/lib/python3.9/bdb.py", line 88, in trace_dispatch
    return self.dispatch_line(frame)
  File "/Library/Developer/CommandLineTools/Library/Frameworks/Python3.framework/Versions/3.9/lib/python3.9/bdb.py", line 113, in dispatch_line
    if self.quitting: raise BdbQuit
bdb.BdbQuit
"""

The above exception was the direct cause of the following exception:

Traceback (most recent call last):
  File "/Users/mtarun/OneDrive_company_Inc/company/code/mangle-yaan-service/src/utilities/csp_ui_workflow_simulation_Token.py", line 747, in main
    csv_writer.writerow(future.result())
  File "/Library/Developer/CommandLineTools/Library/Frameworks/Python3.framework/Versions/3.9/lib/python3.9/concurrent/futures/_base.py", line 438, in result
    return self.__get_result()
  File "/Library/Developer/CommandLineTools/Library/Frameworks/Python3.framework/Versions/3.9/lib/python3.9/concurrent/futures/_base.py", line 390, in __get_result
    raise self._exception
bdb.BdbQuit
[30-11-2022 08:52:23 AM] [INFO] [csp_ui_workflow_simulation_Token.py] [main] [pid=19038] [756]: Script end time: 2022-11-30 08:52:23.068548+00:00
[30-11-2022 08:53:37 AM] [DEBUG] [csp_ui_workflow_simulation_Token.py] [update_access_token] [pid=19079] [147]: fetching access_token for CSP API calls
[30-11-2022 08:53:38 AM] [INFO] [csp_ui_workflow_simulation_Token.py] [main] [pid=19079] [733]: Script start time: 2022-11-30 08:53:38.463215+00:00
[30-11-2022 08:53:38 AM] [DEBUG] [csp_ui_workflow_simulation_Token.py] [process_user_information] [pid=19086] [701]: processing user={'orgId': '31d4d40c-718d-4f77-a9fc-0f2f9b0305d5', 'user': 'cspperf_user20002@cspperf.com', 'userId': '1a70e723-017c-463f-8060-c23238e1df09:cf176391-1cf5-4898-9739-e5940d861526', 'acct': 'cspperf_user20002@cspperf.com', 'refreshToken': 'qlqUAUWV2rqHWxnuyFOCKwROhxxBM9n8GCXhu5OQ1VNbTI9HgNSzvGvzAZhN6xBR', 'password': 'Test@123', 'clientId': 'null', 'status': 'PASS'}
[30-11-2022 08:53:39 AM] [DEBUG] [csp_ui_workflow_simulation_Token.py] [get_idp_login_url] [pid=19086] [520]: idp_login_url=https://csp-preview.gaz-dev.csp-vidm-prod.com/oauth/authorize?idp_id=1a70e723-017c-463f-8060-c23238e1df09&response_type=code&login_hint=cspperf_user20002@cspperf.com&client_id=csp_preview_pkce_portal_client_id&redirect_uri=https://console-preview.cloud.company.com/csp/gateway/portal&state=test.&code_challenge=aSm-1331Eo2b34MGk9Xby5hF0f2H09GRkWms3aritww&code_challenge_method=S256&context_id=1d257600-d91d-4c2e-b252-7762a73dd5cf
[30-11-2022 08:53:47 AM] [DEBUG] [csp_ui_workflow_simulation_Token.py] [generate_auth_token] [pid=19086] [610]: csp_authorize_uri=https://console-preview.cloud.company.com/csp/gateway/am/api/auth/authorize?grant_type=authorization_code&client_id=csp_gaz_pkce_portal_client_id&redirect_uri=https%3A%2F%2Fconsole-preview.cloud.company.com%2Fcsp%2Fgateway%2Fportal&code=rqrdlEFCA91MWQz4fzaJKkJOXA-jmxCv&code_verifier=nJiQalwxX6HJ9CH57HUv1udszuBACqBm29qt9iN6zIN
[30-11-2022 08:53:48 AM] [INFO] [csp_ui_workflow_simulation_Token.py] [process_user_information] [pid=19086] [705]: fetched_access_token=eyJhbGciOiJSUzI1NiIsInR5cCI6IkpXVCIsImtpZCI6InNpZ25pbmdfMiJ9.eyJzdWIiOiIxYTcwZTcyMy0wMTdjLTQ2M2YtODA2MC1jMjMyMzhlMWRmMDk6Y2YxNzYzOTEtMWNmNS00ODk4LTk3MzktZTU5NDBkODYxNTI2IiwiaXNzIjoiaHR0cHM6Ly9jc3AtcHJldmlldy5nYXotZGV2LmNzcC12aWRtLXByb2QuY29tIiwiY29udGV4dF9uYW1lIjoiMzFkNGQ0MGMtNzE4ZC00Zjc3LWE5ZmMtMGYyZjliMDMwNWQ1IiwiYXpwIjoiY3NwX3ByZXZpZXdfcGtjZV9wb3J0YWxfY2xpZW50X2lkIiwiYXV0aG9yaXphdGlvbl9kZXRhaWxzIjpbXSwiZG9tYWluIjoiY3NwcGVyZi5jb20iLCJjb250ZXh0IjoiMWQyNTc2MDAtZDkxZC00YzJlLWIyNTItNzc2MmE3M2RkNWNmIiwicGVybXMiOlsiY3NwOm9yZ19tZW1iZXIiXSwiZXhwIjoxNjY5ODAwMjI4LCJpYXQiOjE2Njk3OTg0MjgsImp0aSI6ImJhMDhkYWE4LWRkNTItNGE1NC05ODJhLTFiNDI2ZmM3YWFjNyIsImFjY3QiOiJjc3BwZXJmX3VzZXIyMDAwMkBjc3BwZXJmLmNvbSIsInVzZXJuYW1lIjoiY3NwcGVyZl91c2VyMjAwMDIifQ.ibUL-v_qaYr3dgDyOG7aiER52XiynrHxhGhgVz4X3fcwAdXDxNrD2wbNaTr9H8Nyx2vzLXNYtP5ZdwcribbsSJPZRJb_JnFO6z0rCnCHUxeaPa3V0CQxNdQHyHDeH4dgfEPMwFS3GgrbqsOLNxAf_ZaMt1ByeKFl8sePkfUR2oUs2jmhnlexz1I0kQu76xjstY13Y7s294g9b2E2sL0dUd4VQ-Jewd_qsz01cTSArnW-CHlJcTfp7O1-zaPP6YyeWi_ud2sHqQAK_4iPihYzHDzWQb-YCEbGpkFROALca9-DW9feKB779zYGsXgBL1sGFGhWhhU7VeeUo61qQBgyGQ
[30-11-2022 08:53:54 AM] [INFO] [csp_ui_workflow_simulation_Token.py] [process_user_information] [pid=19086] [711]: new_api_token=51J8X0icHp5kfdOXOZm2OhSLESIAlWa8ZB69dg_hVGppNCg0_Crh5q7lmpO_Kdns
[30-11-2022 08:53:54 AM] [DEBUG] [csp_ui_workflow_simulation_Token.py] [process_user_information] [pid=19086] [715]: processing done for user=cspperf_user20002@cspperf.com
[30-11-2022 08:53:55 AM] [INFO] [csp_ui_workflow_simulation_Token.py] [main] [pid=19079] [757]: Script end time: 2022-11-30 08:53:55.012460+00:00
[30-11-2022 08:58:25 AM] [DEBUG] [csp_ui_workflow_simulation_Token.py] [update_access_token] [pid=21160] [147]: fetching access_token for CSP API calls
[30-11-2022 08:58:26 AM] [INFO] [csp_ui_workflow_simulation_Token.py] [main] [pid=21160] [734]: Script start time: 2022-11-30 08:58:26.725660+00:00
[30-11-2022 08:58:27 AM] [DEBUG] [csp_ui_workflow_simulation_Token.py] [process_user_information] [pid=21165] [702]: processing user={'orgId': '31d4d40c-718d-4f77-a9fc-0f2f9b0305d5', 'user': 'cspperf_user20002@cspperf.com', 'userId': '1a70e723-017c-463f-8060-c23238e1df09:cf176391-1cf5-4898-9739-e5940d861526', 'acct': 'cspperf_user20002@cspperf.com', 'refreshToken': 'qlqUAUWV2rqHWxnuyFOCKwROhxxBM9n8GCXhu5OQ1VNbTI9HgNSzvGvzAZhN6xBR', 'password': 'Test@123', 'clientId': 'null', 'status': 'PASS'}
[30-11-2022 08:58:28 AM] [DEBUG] [csp_ui_workflow_simulation_Token.py] [get_idp_login_url] [pid=21165] [521]: idp_login_url=https://csp-preview.gaz-dev.csp-vidm-prod.com/oauth/authorize?idp_id=1a70e723-017c-463f-8060-c23238e1df09&response_type=code&login_hint=cspperf_user20002@cspperf.com&client_id=csp_preview_pkce_portal_client_id&redirect_uri=https://console-preview.cloud.company.com/csp/gateway/portal&state=test.&code_challenge=TA7yI5qha7y2o7gGOsI6feQ97Fz8v-RLfWQBblHdeGA&code_challenge_method=S256&context_id=1d257600-d91d-4c2e-b252-7762a73dd5cf
[30-11-2022 08:58:37 AM] [DEBUG] [csp_ui_workflow_simulation_Token.py] [generate_auth_token] [pid=21165] [611]: csp_authorize_uri=https://console-preview.cloud.company.com/csp/gateway/am/api/auth/authorize?grant_type=authorization_code&client_id=csp_gaz_pkce_portal_client_id&redirect_uri=https%3A%2F%2Fconsole-preview.cloud.company.com%2Fcsp%2Fgateway%2Fportal&code=Z4B2WYpYOQoMrH6OMzIwEMA2cb9XQgTK&code_verifier=-iTr_ln8w7AKvdmqxrXr0VyjekvyPtkE-soPXOrVzAt
[30-11-2022 08:58:47 AM] [INFO] [csp_ui_workflow_simulation_Token.py] [process_user_information] [pid=21165] [712]: new_api_token=R1zvvCy9PHwsjAXxy8NOU8RxPIm1ljxk2tdDsLxwmazMEXSsKQHyeb0VAzhUhWBe
[30-11-2022 08:58:47 AM] [DEBUG] [csp_ui_workflow_simulation_Token.py] [process_user_information] [pid=21165] [716]: processing done for user=cspperf_user20002@cspperf.com
[30-11-2022 08:58:47 AM] [INFO] [csp_ui_workflow_simulation_Token.py] [main] [pid=21160] [758]: Script end time: 2022-11-30 08:58:47.399300+00:00
